18:57:38 **** Build of project hello_bsp ****
make -k all 
"Running Make include in microblaze_0/libsrc/bram_v4_1/src"
make -C microblaze_0/libsrc/bram_v4_1/src -s include  "SHELL=CMD" "COMPILER=mb-gcc" "ARCHIVER=mb-ar" "COMPILER_FLAGS= -O2 -c -mcpu=v10.0 -mlittle-endian -mxl-soft-mul" "EXTRA_COMPILER_FLAGS=-g"
"Running Make include in microblaze_0/libsrc/cpu_v2_5/src"
make -C microblaze_0/libsrc/cpu_v2_5/src -s include  "SHELL=CMD" "COMPILER=mb-gcc" "ARCHIVER=mb-ar" "COMPILER_FLAGS= -O2 -c -mcpu=v10.0 -mlittle-endian -mxl-soft-mul" "EXTRA_COMPILER_FLAGS=-g"
"Running Make include in microblaze_0/libsrc/standalone_v6_0/src"
make -C microblaze_0/libsrc/standalone_v6_0/src -s include  "SHELL=CMD" "COMPILER=mb-gcc" "ARCHIVER=mb-ar" "COMPILER_FLAGS= -O2 -c -mcpu=v10.0 -mlittle-endian -mxl-soft-mul" "EXTRA_COMPILER_FLAGS=-g"
"Running Make include in microblaze_0/libsrc/uartlite_v3_2/src"
make -C microblaze_0/libsrc/uartlite_v3_2/src -s include  "SHELL=CMD" "COMPILER=mb-gcc" "ARCHIVER=mb-ar" "COMPILER_FLAGS= -O2 -c -mcpu=v10.0 -mlittle-endian -mxl-soft-mul" "EXTRA_COMPILER_FLAGS=-g"
"Running Make libs in microblaze_0/libsrc/bram_v4_1/src"
make -C microblaze_0/libsrc/bram_v4_1/src -s libs  "SHELL=CMD" "COMPILER=mb-gcc" "ARCHIVER=mb-ar" "COMPILER_FLAGS= -O2 -c -mcpu=v10.0 -mlittle-endian -mxl-soft-mul" "EXTRA_COMPILER_FLAGS=-g"
"Compiling bram"
mb-ar: creating ../../../lib/libxil.a
"Running Make libs in microblaze_0/libsrc/cpu_v2_5/src"
make -C microblaze_0/libsrc/cpu_v2_5/src -s libs  "SHELL=CMD" "COMPILER=mb-gcc" "ARCHIVER=mb-ar" "COMPILER_FLAGS= -O2 -c -mcpu=v10.0 -mlittle-endian -mxl-soft-mul" "EXTRA_COMPILER_FLAGS=-g"
"Compiling cpu"
"Running Make libs in microblaze_0/libsrc/standalone_v6_0/src"
make -C microblaze_0/libsrc/standalone_v6_0/src -s libs  "SHELL=CMD" "COMPILER=mb-gcc" "ARCHIVER=mb-ar" "COMPILER_FLAGS= -O2 -c -mcpu=v10.0 -mlittle-endian -mxl-soft-mul" "EXTRA_COMPILER_FLAGS=-g"
"Compiling standalone";
"Running Make libs in microblaze_0/libsrc/uartlite_v3_2/src"
make -C microblaze_0/libsrc/uartlite_v3_2/src -s libs  "SHELL=CMD" "COMPILER=mb-gcc" "ARCHIVER=mb-ar" "COMPILER_FLAGS= -O2 -c -mcpu=v10.0 -mlittle-endian -mxl-soft-mul" "EXTRA_COMPILER_FLAGS=-g"
"Compiling uartlite"
'Finished building libraries'
18:57:41 **** Build of configuration Debug for project hello ****
make all 
'Building file: ../src/helloworld.c'
'Invoking: MicroBlaze gcc compiler'
mb-gcc -Wall -O0 -g3 -c -fmessage-length=0 -MT"src/helloworld.o" -I../../hello_bsp/microblaze_0/include -mlittle-endian -mcpu=v10.0 -mxl-soft-mul -Wl,--no-relax -MMD -MP -MF"src/helloworld.d" -MT"src/helloworld.o" -o "src/helloworld.o" "../src/helloworld.c"
'Finished building: ../src/helloworld.c'
' '
'Building file: ../src/platform.c'
'Invoking: MicroBlaze gcc compiler'
mb-gcc -Wall -O0 -g3 -c -fmessage-length=0 -MT"src/platform.o" -I../../hello_bsp/microblaze_0/include -mlittle-endian -mcpu=v10.0 -mxl-soft-mul -Wl,--no-relax -MMD -MP -MF"src/platform.d" -MT"src/platform.o" -o "src/platform.o" "../src/platform.c"
'Finished building: ../src/platform.c'
' '
'Building target: hello.elf'
'Invoking: MicroBlaze gcc linker'
mb-gcc -Wl,-T -Wl,../src/lscript.ld -L../../hello_bsp/microblaze_0/lib -mlittle-endian -mcpu=v10.0 -mxl-soft-mul -Wl,--no-relax -o "hello.elf"  ./src/helloworld.o ./src/platform.o   -Wl,--start-group,-lxil,-lgcc,-lc,--end-group
'Finished building target: hello.elf'
' '
'Invoking: MicroBlaze Print Size'
mb-size hello.elf  |tee "hello.elf.size"
   text	   data	    bss	    dec	    hex	filename
   2916	    292	   3128	   6336	   18c0	hello.elf
'Finished building: hello.elf.size'
' '
18:58:04 **** Incremental Build of configuration Debug for project hello ****
make all 
make: .`all רובע תושעל המ ןיא
18:58:37 **** Incremental Build of configuration Debug for project hello ****
make all 
make: .`all רובע תושעל המ ןיא
19:00:21 **** Auto Build of configuration Debug for project hello ****
make all 
'Building file: ../src/helloworld.c'
'Invoking: MicroBlaze gcc compiler'
mb-gcc -Wall -O0 -g3 -c -fmessage-length=0 -MT"src/helloworld.o" -I../../hello_bsp/microblaze_0/include -mlittle-endian -mcpu=v10.0 -mxl-soft-mul -Wl,--no-relax -MMD -MP -MF"src/helloworld.d" -MT"src/helloworld.o" -o "src/helloworld.o" "../src/helloworld.c"
../src/helloworld.c: In function 'main':
../src/helloworld.c:56:10: error: 'i' undeclared (first use in this function)
     for (i=0; i<10; i++){
          ^
../src/helloworld.c:56:10: note: each undeclared identifier is reported only once for each function it appears in
../src/helloworld.c:57:6: error: too many arguments to function 'print'
      print("Hello World %d\n\r", i);
      ^
In file included from d:\sdk\2016.3\gnu\microblaze\nt\microblaze-xilinx-elf\include\stdio.h:29:0,
                 from ../src/helloworld.c:48:
d:\sdk\2016.3\gnu\microblaze\nt\microblaze-xilinx-elf\include\stdio.h:223:9: note: declared here
 void    _EXFUN(print, (const char* ));
         ^
make: *** [src/helloworld.o] 1 הלקת
19:00:29 **** Auto Build of configuration Debug for project hello ****
make all 
'Building file: ../src/helloworld.c'
'Invoking: MicroBlaze gcc compiler'
mb-gcc -Wall -O0 -g3 -c -fmessage-length=0 -MT"src/helloworld.o" -I../../hello_bsp/microblaze_0/include -mlittle-endian -mcpu=v10.0 -mxl-soft-mul -Wl,--no-relax -MMD -MP -MF"src/helloworld.d" -MT"src/helloworld.o" -o "src/helloworld.o" "../src/helloworld.c"
../src/helloworld.c: In function 'main':
../src/helloworld.c:58:6: error: too many arguments to function 'print'
      print("Hello World %d\n\r", i);
      ^
In file included from d:\sdk\2016.3\gnu\microblaze\nt\microblaze-xilinx-elf\include\stdio.h:29:0,
                 from ../src/helloworld.c:48:
d:\sdk\2016.3\gnu\microblaze\nt\microblaze-xilinx-elf\include\stdio.h:223:9: note: declared here
 void    _EXFUN(print, (const char* ));
         ^
make: *** [src/helloworld.o] 1 הלקת
19:02:00 **** Auto Build of configuration Debug for project hello ****
make all 
'Building file: ../src/helloworld.c'
'Invoking: MicroBlaze gcc compiler'
mb-gcc -Wall -O0 -g3 -c -fmessage-length=0 -MT"src/helloworld.o" -I../../hello_bsp/microblaze_0/include -mlittle-endian -mcpu=v10.0 -mxl-soft-mul -Wl,--no-relax -MMD -MP -MF"src/helloworld.d" -MT"src/helloworld.o" -o "src/helloworld.o" "../src/helloworld.c"
'Finished building: ../src/helloworld.c'
' '
'Building target: hello.elf'
'Invoking: MicroBlaze gcc linker'
mb-gcc -Wl,-T -Wl,../src/lscript.ld -L../../hello_bsp/microblaze_0/lib -mlittle-endian -mcpu=v10.0 -mxl-soft-mul -Wl,--no-relax -o "hello.elf"  ./src/helloworld.o ./src/platform.o   -Wl,--start-group,-lxil,-lgcc,-lc,--end-group
'Finished building target: hello.elf'
' '
'Invoking: MicroBlaze Print Size'
mb-size hello.elf  |tee "hello.elf.size"
   text	   data	    bss	    dec	    hex	filename
   2960	    292	   3124	   6376	   18e8	hello.elf
'Finished building: hello.elf.size'
' '
19:02:05 **** Auto Build of configuration Debug for project hello ****
make all 
'Building file: ../src/helloworld.c'
'Invoking: MicroBlaze gcc compiler'
mb-gcc -Wall -O0 -g3 -c -fmessage-length=0 -MT"src/helloworld.o" -I../../hello_bsp/microblaze_0/include -mlittle-endian -mcpu=v10.0 -mxl-soft-mul -Wl,--no-relax -MMD -MP -MF"src/helloworld.d" -MT"src/helloworld.o" -o "src/helloworld.o" "../src/helloworld.c"
../src/helloworld.c: In function 'main':
../src/helloworld.c:58:6: error: too many arguments to function 'print'
      print("Hello World %d\n\r", i);
      ^
In file included from d:\sdk\2016.3\gnu\microblaze\nt\microblaze-xilinx-elf\include\stdio.h:29:0,
                 from ../src/helloworld.c:48:
d:\sdk\2016.3\gnu\microblaze\nt\microblaze-xilinx-elf\include\stdio.h:223:9: note: declared here
 void    _EXFUN(print, (const char* ));
         ^
make: *** [src/helloworld.o] 1 הלקת
19:02:07 **** Auto Build of configuration Debug for project hello ****
make all 
'Building file: ../src/helloworld.c'
'Invoking: MicroBlaze gcc compiler'
mb-gcc -Wall -O0 -g3 -c -fmessage-length=0 -MT"src/helloworld.o" -I../../hello_bsp/microblaze_0/include -mlittle-endian -mcpu=v10.0 -mxl-soft-mul -Wl,--no-relax -MMD -MP -MF"src/helloworld.d" -MT"src/helloworld.o" -o "src/helloworld.o" "../src/helloworld.c"
../src/helloworld.c: In function 'main':
../src/helloworld.c:58:33: error: expected ')' before 'i'
      print("Hello World %d\n\r" i);
                                 ^
make: *** [src/helloworld.o] 1 הלקת
19:02:42 **** Auto Build of configuration Debug for project hello ****
make all 
'Building file: ../src/helloworld.c'
'Invoking: MicroBlaze gcc compiler'
mb-gcc -Wall -O0 -g3 -c -fmessage-length=0 -MT"src/helloworld.o" -I../../hello_bsp/microblaze_0/include -mlittle-endian -mcpu=v10.0 -mxl-soft-mul -Wl,--no-relax -MMD -MP -MF"src/helloworld.d" -MT"src/helloworld.o" -o "src/helloworld.o" "../src/helloworld.c"
'Finished building: ../src/helloworld.c'
' '
'Building target: hello.elf'
'Invoking: MicroBlaze gcc linker'
mb-gcc -Wl,-T -Wl,../src/lscript.ld -L../../hello_bsp/microblaze_0/lib -mlittle-endian -mcpu=v10.0 -mxl-soft-mul -Wl,--no-relax -o "hello.elf"  ./src/helloworld.o ./src/platform.o   -Wl,--start-group,-lxil,-lgcc,-lc,--end-group
'Finished building target: hello.elf'
' '
'Invoking: MicroBlaze Print Size'
mb-size hello.elf  |tee "hello.elf.size"
   text	   data	    bss	    dec	    hex	filename
  92308	   1596	   3216	  97120	  17b60	hello.elf
'Finished building: hello.elf.size'
' '
19:02:45 **** Incremental Build of configuration Debug for project hello ****
make all 
make: .`all רובע תושעל המ ןיא
19:05:41 **** Auto Build of configuration Debug for project hello ****
make all 
'Building file: ../src/helloworld.c'
'Invoking: MicroBlaze gcc compiler'
mb-gcc -Wall -O0 -g3 -c -fmessage-length=0 -MT"src/helloworld.o" -I../../hello_bsp/microblaze_0/include -mlittle-endian -mcpu=v10.0 -mxl-soft-mul -Wl,--no-relax -MMD -MP -MF"src/helloworld.d" -MT"src/helloworld.o" -o "src/helloworld.o" "../src/helloworld.c"
'Finished building: ../src/helloworld.c'
' '
'Building target: hello.elf'
'Invoking: MicroBlaze gcc linker'
mb-gcc -Wl,-T -Wl,../src/lscript.ld -L../../hello_bsp/microblaze_0/lib -mlittle-endian -mcpu=v10.0 -mxl-soft-mul -Wl,--no-relax -o "hello.elf"  ./src/helloworld.o ./src/platform.o   -Wl,--start-group,-lxil,-lgcc,-lc,--end-group
'Finished building target: hello.elf'
' '
'Invoking: MicroBlaze Print Size'
mb-size hello.elf  |tee "hello.elf.size"
   text	   data	    bss	    dec	    hex	filename
  92300	   1596	   3216	  97112	  17b58	hello.elf
'Finished building: hello.elf.size'
' '
19:05:43 **** Auto Build of configuration Debug for project hello ****
make all 
'Building file: ../src/helloworld.c'
'Invoking: MicroBlaze gcc compiler'
mb-gcc -Wall -O0 -g3 -c -fmessage-length=0 -MT"src/helloworld.o" -I../../hello_bsp/microblaze_0/include -mlittle-endian -mcpu=v10.0 -mxl-soft-mul -Wl,--no-relax -MMD -MP -MF"src/helloworld.d" -MT"src/helloworld.o" -o "src/helloworld.o" "../src/helloworld.c"
'Finished building: ../src/helloworld.c'
' '
'Building target: hello.elf'
'Invoking: MicroBlaze gcc linker'
mb-gcc -Wl,-T -Wl,../src/lscript.ld -L../../hello_bsp/microblaze_0/lib -mlittle-endian -mcpu=v10.0 -mxl-soft-mul -Wl,--no-relax -o "hello.elf"  ./src/helloworld.o ./src/platform.o   -Wl,--start-group,-lxil,-lgcc,-lc,--end-group
'Finished building target: hello.elf'
' '
'Invoking: MicroBlaze Print Size'
mb-size hello.elf  |tee "hello.elf.size"
   text	   data	    bss	    dec	    hex	filename
  92300	   1596	   3216	  97112	  17b58	hello.elf
'Finished building: hello.elf.size'
' '
19:05:56 **** Auto Build of configuration Debug for project hello ****
make all 
'Building file: ../src/helloworld.c'
'Invoking: MicroBlaze gcc compiler'
mb-gcc -Wall -O0 -g3 -c -fmessage-length=0 -MT"src/helloworld.o" -I../../hello_bsp/microblaze_0/include -mlittle-endian -mcpu=v10.0 -mxl-soft-mul -Wl,--no-relax -MMD -MP -MF"src/helloworld.d" -MT"src/helloworld.o" -o "src/helloworld.o" "../src/helloworld.c"
../src/helloworld.c: In function 'main':
../src/helloworld.c:60:7: warning: implicit declaration of function 'delay' [-Wimplicit-function-declaration]
       delay(1000);
       ^
'Finished building: ../src/helloworld.c'
' '
'Building target: hello.elf'
'Invoking: MicroBlaze gcc linker'
mb-gcc -Wl,-T -Wl,../src/lscript.ld -L../../hello_bsp/microblaze_0/lib -mlittle-endian -mcpu=v10.0 -mxl-soft-mul -Wl,--no-relax -o "hello.elf"  ./src/helloworld.o ./src/platform.o   -Wl,--start-group,-lxil,-lgcc,-lc,--end-group
./src/helloworld.o: In function `main':
D:\Nora\cmod_a7_projects\microblaze_led\microblaze_led.sdk\hello\Debug/../src/helloworld.c:60: undefined reference to `delay'
collect2.exe: error: ld returned 1 exit status
make: *** [hello.elf] 1 הלקת
19:06:39 **** Auto Build of configuration Debug for project hello ****
make all 
'Building file: ../src/helloworld.c'
'Invoking: MicroBlaze gcc compiler'
mb-gcc -Wall -O0 -g3 -c -fmessage-length=0 -MT"src/helloworld.o" -I../../hello_bsp/microblaze_0/include -mlittle-endian -mcpu=v10.0 -mxl-soft-mul -Wl,--no-relax -MMD -MP -MF"src/helloworld.d" -MT"src/helloworld.o" -o "src/helloworld.o" "../src/helloworld.c"
'Finished building: ../src/helloworld.c'
' '
'Building target: hello.elf'
'Invoking: MicroBlaze gcc linker'
mb-gcc -Wl,-T -Wl,../src/lscript.ld -L../../hello_bsp/microblaze_0/lib -mlittle-endian -mcpu=v10.0 -mxl-soft-mul -Wl,--no-relax -o "hello.elf"  ./src/helloworld.o ./src/platform.o   -Wl,--start-group,-lxil,-lgcc,-lc,--end-group
./src/helloworld.o: In function `main':
D:\Nora\cmod_a7_projects\microblaze_led\microblaze_led.sdk\hello\Debug/../src/helloworld.c:60: undefined reference to `delay'
collect2.exe: error: ld returned 1 exit status
make: *** [hello.elf] 1 הלקת
19:07:08 **** Auto Build of configuration Debug for project hello ****
make all 
'Building file: ../src/helloworld.c'
'Invoking: MicroBlaze gcc compiler'
mb-gcc -Wall -O0 -g3 -c -fmessage-length=0 -MT"src/helloworld.o" -I../../hello_bsp/microblaze_0/include -mlittle-endian -mcpu=v10.0 -mxl-soft-mul -Wl,--no-relax -MMD -MP -MF"src/helloworld.d" -MT"src/helloworld.o" -o "src/helloworld.o" "../src/helloworld.c"
../src/helloworld.c: In function 'delay':
../src/helloworld.c:53:1: error: parameter name omitted
 void delay(unsigned int){
 ^
make: *** [src/helloworld.o] 1 הלקת
19:09:30 **** Auto Build of configuration Debug for project hello ****
make all 
'Building file: ../src/helloworld.c'
'Invoking: MicroBlaze gcc compiler'
mb-gcc -Wall -O0 -g3 -c -fmessage-length=0 -MT"src/helloworld.o" -I../../hello_bsp/microblaze_0/include -mlittle-endian -mcpu=v10.0 -mxl-soft-mul -Wl,--no-relax -MMD -MP -MF"src/helloworld.d" -MT"src/helloworld.o" -o "src/helloworld.o" "../src/helloworld.c"
'Finished building: ../src/helloworld.c'
' '
'Building target: hello.elf'
'Invoking: MicroBlaze gcc linker'
mb-gcc -Wl,-T -Wl,../src/lscript.ld -L../../hello_bsp/microblaze_0/lib -mlittle-endian -mcpu=v10.0 -mxl-soft-mul -Wl,--no-relax -o "hello.elf"  ./src/helloworld.o ./src/platform.o   -Wl,--start-group,-lxil,-lgcc,-lc,--end-group
'Finished building target: hello.elf'
' '
'Invoking: MicroBlaze Print Size'
mb-size hello.elf  |tee "hello.elf.size"
   text	   data	    bss	    dec	    hex	filename
  92300	   1596	   3216	  97112	  17b58	hello.elf
'Finished building: hello.elf.size'
' '
19:09:48 **** Auto Build of configuration Debug for project hello ****
make all 
'Building file: ../src/helloworld.c'
'Invoking: MicroBlaze gcc compiler'
mb-gcc -Wall -O0 -g3 -c -fmessage-length=0 -MT"src/helloworld.o" -I../../hello_bsp/microblaze_0/include -mlittle-endian -mcpu=v10.0 -mxl-soft-mul -Wl,--no-relax -MMD -MP -MF"src/helloworld.d" -MT"src/helloworld.o" -o "src/helloworld.o" "../src/helloworld.c"
../src/helloworld.c:52:17: fatal error: xgpio: No such file or directory
compilation terminated.
make: *** [src/helloworld.o] 1 הלקת
19:10:16 **** Auto Build of configuration Debug for project hello ****
make all 
'Building file: ../src/helloworld.c'
'Invoking: MicroBlaze gcc compiler'
mb-gcc -Wall -O0 -g3 -c -fmessage-length=0 -MT"src/helloworld.o" -I../../hello_bsp/microblaze_0/include -mlittle-endian -mcpu=v10.0 -mxl-soft-mul -Wl,--no-relax -MMD -MP -MF"src/helloworld.d" -MT"src/helloworld.o" -o "src/helloworld.o" "../src/helloworld.c"
../src/helloworld.c:52:19: fatal error: xgpio.h: No such file or directory
compilation terminated.
make: *** [src/helloworld.o] 1 הלקת
19:10:42 **** Auto Build of configuration Debug for project hello ****
make all 
'Building file: ../src/helloworld.c'
'Invoking: MicroBlaze gcc compiler'
mb-gcc -Wall -O0 -g3 -c -fmessage-length=0 -MT"src/helloworld.o" -I../../hello_bsp/microblaze_0/include -mlittle-endian -mcpu=v10.0 -mxl-soft-mul -Wl,--no-relax -MMD -MP -MF"src/helloworld.d" -MT"src/helloworld.o" -o "src/helloworld.o" "../src/helloworld.c"
../src/helloworld.c:52:19: fatal error: xgpio.h: No such file or directory
compilation terminated.
make: *** [src/helloworld.o] 1 הלקת
19:13:02 **** Auto Build of configuration Debug for project hello ****
make all 
'Building file: ../src/helloworld.c'
'Invoking: MicroBlaze gcc compiler'
mb-gcc -Wall -O0 -g3 -c -fmessage-length=0 -MT"src/helloworld.o" -I../../hello_bsp/microblaze_0/include -mlittle-endian -mcpu=v10.0 -mxl-soft-mul -Wl,--no-relax -MMD -MP -MF"src/helloworld.d" -MT"src/helloworld.o" -o "src/helloworld.o" "../src/helloworld.c"
../src/helloworld.c:51:24: fatal error: xil_printf.h: No such file or directory
compilation terminated.
make: *** [src/helloworld.o] 1 הלקת
19:13:12 **** Auto Build of configuration Debug for project hello ****
make all 
'Building file: ../src/helloworld.c'
'Invoking: MicroBlaze gcc compiler'
mb-gcc -Wall -O0 -g3 -c -fmessage-length=0 -MT"src/helloworld.o" -I../../hello_bsp/microblaze_0/include -mlittle-endian -mcpu=v10.0 -mxl-soft-mul -Wl,--no-relax -MMD -MP -MF"src/helloworld.d" -MT"src/helloworld.o" -o "src/helloworld.o" "../src/helloworld.c"
../src/helloworld.c:51:24: fatal error: xil_printf.h: No such file or directory
compilation terminated.
make: *** [src/helloworld.o] 1 הלקת
19:13:39 **** Build of project gpio_bsp ****
make -k all 
"Running Make include in microblaze_0/libsrc/bram_v4_1/src"
make -C microblaze_0/libsrc/bram_v4_1/src -s include  "SHELL=CMD" "COMPILER=mb-gcc" "ARCHIVER=mb-ar" "COMPILER_FLAGS= -O2 -c -mcpu=v10.0 -mlittle-endian -mxl-soft-mul" "EXTRA_COMPILER_FLAGS=-g"
"Running Make include in microblaze_0/libsrc/cpu_v2_5/src"
make -C microblaze_0/libsrc/cpu_v2_5/src -s include  "SHELL=CMD" "COMPILER=mb-gcc" "ARCHIVER=mb-ar" "COMPILER_FLAGS= -O2 -c -mcpu=v10.0 -mlittle-endian -mxl-soft-mul" "EXTRA_COMPILER_FLAGS=-g"
"Running Make include in microblaze_0/libsrc/gpio_v4_2/src"
make -C microblaze_0/libsrc/gpio_v4_2/src -s include  "SHELL=CMD" "COMPILER=mb-gcc" "ARCHIVER=mb-ar" "COMPILER_FLAGS= -O2 -c -mcpu=v10.0 -mlittle-endian -mxl-soft-mul" "EXTRA_COMPILER_FLAGS=-g"
"Running Make include in microblaze_0/libsrc/standalone_v6_0/src"
make -C microblaze_0/libsrc/standalone_v6_0/src -s include  "SHELL=CMD" "COMPILER=mb-gcc" "ARCHIVER=mb-ar" "COMPILER_FLAGS= -O2 -c -mcpu=v10.0 -mlittle-endian -mxl-soft-mul" "EXTRA_COMPILER_FLAGS=-g"
"Running Make include in microblaze_0/libsrc/uartlite_v3_2/src"
make -C microblaze_0/libsrc/uartlite_v3_2/src -s include  "SHELL=CMD" "COMPILER=mb-gcc" "ARCHIVER=mb-ar" "COMPILER_FLAGS= -O2 -c -mcpu=v10.0 -mlittle-endian -mxl-soft-mul" "EXTRA_COMPILER_FLAGS=-g"
"Running Make libs in microblaze_0/libsrc/bram_v4_1/src"
make -C microblaze_0/libsrc/bram_v4_1/src -s libs  "SHELL=CMD" "COMPILER=mb-gcc" "ARCHIVER=mb-ar" "COMPILER_FLAGS= -O2 -c -mcpu=v10.0 -mlittle-endian -mxl-soft-mul" "EXTRA_COMPILER_FLAGS=-g"
"Compiling bram"
mb-ar: creating ../../../lib/libxil.a
"Running Make libs in microblaze_0/libsrc/cpu_v2_5/src"
make -C microblaze_0/libsrc/cpu_v2_5/src -s libs  "SHELL=CMD" "COMPILER=mb-gcc" "ARCHIVER=mb-ar" "COMPILER_FLAGS= -O2 -c -mcpu=v10.0 -mlittle-endian -mxl-soft-mul" "EXTRA_COMPILER_FLAGS=-g"
"Compiling cpu"
"Running Make libs in microblaze_0/libsrc/gpio_v4_2/src"
make -C microblaze_0/libsrc/gpio_v4_2/src -s libs  "SHELL=CMD" "COMPILER=mb-gcc" "ARCHIVER=mb-ar" "COMPILER_FLAGS= -O2 -c -mcpu=v10.0 -mlittle-endian -mxl-soft-mul" "EXTRA_COMPILER_FLAGS=-g"
"Compiling gpio"
"Running Make libs in microblaze_0/libsrc/standalone_v6_0/src"
make -C microblaze_0/libsrc/standalone_v6_0/src -s libs  "SHELL=CMD" "COMPILER=mb-gcc" "ARCHIVER=mb-ar" "COMPILER_FLAGS= -O2 -c -mcpu=v10.0 -mlittle-endian -mxl-soft-mul" "EXTRA_COMPILER_FLAGS=-g"
"Compiling standalone";
"Running Make libs in microblaze_0/libsrc/uartlite_v3_2/src"
make -C microblaze_0/libsrc/uartlite_v3_2/src -s libs  "SHELL=CMD" "COMPILER=mb-gcc" "ARCHIVER=mb-ar" "COMPILER_FLAGS= -O2 -c -mcpu=v10.0 -mlittle-endian -mxl-soft-mul" "EXTRA_COMPILER_FLAGS=-g"
"Compiling uartlite"
'Finished building libraries'
19:13:41 **** Build of configuration Debug for project gpio ****
make all 
'Building file: ../src/testperiph.c'
'Invoking: MicroBlaze gcc compiler'
mb-gcc -Wall -O0 -g3 -c -fmessage-length=0 -MT"src/testperiph.o" -I../../gpio_bsp/microblaze_0/include -mlittle-endian -mcpu=v10.0 -mxl-soft-mul -Wl,--no-relax -MMD -MP -MF"src/testperiph.d" -MT"src/testperiph.o" -o "src/testperiph.o" "../src/testperiph.c"
'Finished building: ../src/testperiph.c'
' '
'Building file: ../src/xgpio_tapp_example.c'
'Invoking: MicroBlaze gcc compiler'
mb-gcc -Wall -O0 -g3 -c -fmessage-length=0 -MT"src/xgpio_tapp_example.o" -I../../gpio_bsp/microblaze_0/include -mlittle-endian -mcpu=v10.0 -mxl-soft-mul -Wl,--no-relax -MMD -MP -MF"src/xgpio_tapp_example.d" -MT"src/xgpio_tapp_example.o" -o "src/xgpio_tapp_example.o" "../src/xgpio_tapp_example.c"
'Finished building: ../src/xgpio_tapp_example.c'
' '
'Building target: gpio.elf'
'Invoking: MicroBlaze gcc linker'
mb-gcc -Wl,-T -Wl,../src/lscript.ld -L../../gpio_bsp/microblaze_0/lib -mlittle-endian -mcpu=v10.0 -mxl-soft-mul -Wl,--no-relax -o "gpio.elf"  ./src/testperiph.o ./src/xgpio_tapp_example.o   -Wl,--start-group,-lxil,-lgcc,-lc,--end-group
'Finished building target: gpio.elf'
' '
'Invoking: MicroBlaze Print Size'
mb-size gpio.elf  |tee "gpio.elf.size"
   text	   data	    bss	    dec	    hex	filename
   8516	    312	   3156	  11984	   2ed0	gpio.elf
'Finished building: gpio.elf.size'
' '
19:14:20 **** Incremental Build of configuration Debug for project hello ****
make all 
'Building file: ../src/helloworld.c'
'Invoking: MicroBlaze gcc compiler'
mb-gcc -Wall -O0 -g3 -c -fmessage-length=0 -MT"src/helloworld.o" -I../../hello_bsp/microblaze_0/include -mlittle-endian -mcpu=v10.0 -mxl-soft-mul -Wl,--no-relax -MMD -MP -MF"src/helloworld.d" -MT"src/helloworld.o" -o "src/helloworld.o" "../src/helloworld.c"
../src/helloworld.c:51:24: fatal error: xil_printf.h: No such file or directory
compilation terminated.
make: *** [src/helloworld.o] 1 הלקת
19:14:25 **** Incremental Build of configuration Debug for project gpio ****
make all 
make: .`all רובע תושעל המ ןיא
19:14:50 **** Incremental Build of configuration Debug for project gpio ****
make all 
make: .`all רובע תושעל המ ןיא
19:15:10 **** Auto Build of project hello_bsp ****
make -k all 
"Running Make include in microblaze_0/libsrc/bram_v4_1/src"
make -C microblaze_0/libsrc/bram_v4_1/src -s include  "SHELL=CMD" "COMPILER=mb-gcc" "ARCHIVER=mb-ar" "COMPILER_FLAGS= -O2 -c -mcpu=v10.0 -mlittle-endian -mxl-soft-mul" "EXTRA_COMPILER_FLAGS=-g"
"Running Make include in microblaze_0/libsrc/cpu_v2_5/src"
make -C microblaze_0/libsrc/cpu_v2_5/src -s include  "SHELL=CMD" "COMPILER=mb-gcc" "ARCHIVER=mb-ar" "COMPILER_FLAGS= -O2 -c -mcpu=v10.0 -mlittle-endian -mxl-soft-mul" "EXTRA_COMPILER_FLAGS=-g"
"Running Make include in microblaze_0/libsrc/gpio_v4_2/src"
make -C microblaze_0/libsrc/gpio_v4_2/src -s include  "SHELL=CMD" "COMPILER=mb-gcc" "ARCHIVER=mb-ar" "COMPILER_FLAGS= -O2 -c -mcpu=v10.0 -mlittle-endian -mxl-soft-mul" "EXTRA_COMPILER_FLAGS=-g"
"Running Make include in microblaze_0/libsrc/standalone_v6_0/src"
make -C microblaze_0/libsrc/standalone_v6_0/src -s include  "SHELL=CMD" "COMPILER=mb-gcc" "ARCHIVER=mb-ar" "COMPILER_FLAGS= -O2 -c -mcpu=v10.0 -mlittle-endian -mxl-soft-mul" "EXTRA_COMPILER_FLAGS=-g"
"Running Make include in microblaze_0/libsrc/uartlite_v3_2/src"
make -C microblaze_0/libsrc/uartlite_v3_2/src -s include  "SHELL=CMD" "COMPILER=mb-gcc" "ARCHIVER=mb-ar" "COMPILER_FLAGS= -O2 -c -mcpu=v10.0 -mlittle-endian -mxl-soft-mul" "EXTRA_COMPILER_FLAGS=-g"
"Running Make libs in microblaze_0/libsrc/bram_v4_1/src"
make -C microblaze_0/libsrc/bram_v4_1/src -s libs  "SHELL=CMD" "COMPILER=mb-gcc" "ARCHIVER=mb-ar" "COMPILER_FLAGS= -O2 -c -mcpu=v10.0 -mlittle-endian -mxl-soft-mul" "EXTRA_COMPILER_FLAGS=-g"
"Compiling bram"
mb-ar: creating ../../../lib/libxil.a
"Running Make libs in microblaze_0/libsrc/cpu_v2_5/src"
make -C microblaze_0/libsrc/cpu_v2_5/src -s libs  "SHELL=CMD" "COMPILER=mb-gcc" "ARCHIVER=mb-ar" "COMPILER_FLAGS= -O2 -c -mcpu=v10.0 -mlittle-endian -mxl-soft-mul" "EXTRA_COMPILER_FLAGS=-g"
"Compiling cpu"
"Running Make libs in microblaze_0/libsrc/gpio_v4_2/src"
make -C microblaze_0/libsrc/gpio_v4_2/src -s libs  "SHELL=CMD" "COMPILER=mb-gcc" "ARCHIVER=mb-ar" "COMPILER_FLAGS= -O2 -c -mcpu=v10.0 -mlittle-endian -mxl-soft-mul" "EXTRA_COMPILER_FLAGS=-g"
"Compiling gpio"
"Running Make libs in microblaze_0/libsrc/standalone_v6_0/src"
make -C microblaze_0/libsrc/standalone_v6_0/src -s libs  "SHELL=CMD" "COMPILER=mb-gcc" "ARCHIVER=mb-ar" "COMPILER_FLAGS= -O2 -c -mcpu=v10.0 -mlittle-endian -mxl-soft-mul" "EXTRA_COMPILER_FLAGS=-g"
"Compiling standalone";
"Running Make libs in microblaze_0/libsrc/uartlite_v3_2/src"
make -C microblaze_0/libsrc/uartlite_v3_2/src -s libs  "SHELL=CMD" "COMPILER=mb-gcc" "ARCHIVER=mb-ar" "COMPILER_FLAGS= -O2 -c -mcpu=v10.0 -mlittle-endian -mxl-soft-mul" "EXTRA_COMPILER_FLAGS=-g"
"Compiling uartlite"
'Finished building libraries'
19:15:13 **** Auto Build of configuration Debug for project hello ****
make all 
'Building file: ../src/helloworld.c'
'Invoking: MicroBlaze gcc compiler'
mb-gcc -Wall -O0 -g3 -c -fmessage-length=0 -MT"src/helloworld.o" -I../../hello_bsp/microblaze_0/include -mlittle-endian -mcpu=v10.0 -mxl-soft-mul -Wl,--no-relax -MMD -MP -MF"src/helloworld.d" -MT"src/helloworld.o" -o "src/helloworld.o" "../src/helloworld.c"
'Finished building: ../src/helloworld.c'
' '
'Building file: ../src/platform.c'
'Invoking: MicroBlaze gcc compiler'
mb-gcc -Wall -O0 -g3 -c -fmessage-length=0 -MT"src/platform.o" -I../../hello_bsp/microblaze_0/include -mlittle-endian -mcpu=v10.0 -mxl-soft-mul -Wl,--no-relax -MMD -MP -MF"src/platform.d" -MT"src/platform.o" -o "src/platform.o" "../src/platform.c"
'Finished building: ../src/platform.c'
' '
'Building target: hello.elf'
'Invoking: MicroBlaze gcc linker'
mb-gcc -Wl,-T -Wl,../src/lscript.ld -L../../hello_bsp/microblaze_0/lib -mlittle-endian -mcpu=v10.0 -mxl-soft-mul -Wl,--no-relax -o "hello.elf"  ./src/helloworld.o ./src/platform.o   -Wl,--start-group,-lxil,-lgcc,-lc,--end-group
'Finished building target: hello.elf'
' '
'Invoking: MicroBlaze Print Size'
mb-size hello.elf  |tee "hello.elf.size"
   text	   data	    bss	    dec	    hex	filename
  92300	   1596	   3216	  97112	  17b58	hello.elf
'Finished building: hello.elf.size'
' '
19:15:17 **** Incremental Build of configuration Debug for project gpio ****
make all 
make: .`all רובע תושעל המ ןיא
19:15:30 **** Incremental Build of configuration Debug for project gpio ****
make all 
make: .`all רובע תושעל המ ןיא
19:15:37 **** Incremental Build of configuration Debug for project hello ****
make all 
make: .`all רובע תושעל המ ןיא
19:15:56 **** Auto Build of configuration Debug for project hello ****
make all 
'Building file: ../src/helloworld.c'
'Invoking: MicroBlaze gcc compiler'
mb-gcc -Wall -O0 -g3 -c -fmessage-length=0 -MT"src/helloworld.o" -I../../hello_bsp/microblaze_0/include -mlittle-endian -mcpu=v10.0 -mxl-soft-mul -Wl,--no-relax -MMD -MP -MF"src/helloworld.d" -MT"src/helloworld.o" -o "src/helloworld.o" "../src/helloworld.c"
'Finished building: ../src/helloworld.c'
' '
'Building target: hello.elf'
'Invoking: MicroBlaze gcc linker'
mb-gcc -Wl,-T -Wl,../src/lscript.ld -L../../hello_bsp/microblaze_0/lib -mlittle-endian -mcpu=v10.0 -mxl-soft-mul -Wl,--no-relax -o "hello.elf"  ./src/helloworld.o ./src/platform.o   -Wl,--start-group,-lxil,-lgcc,-lc,--end-group
'Finished building target: hello.elf'
' '
'Invoking: MicroBlaze Print Size'
mb-size hello.elf  |tee "hello.elf.size"
   text	   data	    bss	    dec	    hex	filename
  92300	   1596	   3216	  97112	  17b58	hello.elf
'Finished building: hello.elf.size'
' '
19:16:03 **** Auto Build of configuration Debug for project hello ****
make all 
'Building file: ../src/helloworld.c'
'Invoking: MicroBlaze gcc compiler'
mb-gcc -Wall -O0 -g3 -c -fmessage-length=0 -MT"src/helloworld.o" -I../../hello_bsp/microblaze_0/include -mlittle-endian -mcpu=v10.0 -mxl-soft-mul -Wl,--no-relax -MMD -MP -MF"src/helloworld.d" -MT"src/helloworld.o" -o "src/helloworld.o" "../src/helloworld.c"
../src/helloworld.c:53:25: fatal error: gpio_header.h: No such file or directory
compilation terminated.
make: *** [src/helloworld.o] 1 הלקת
19:16:38 **** Auto Build of configuration Debug for project gpio ****
make all 
'Building file: ../src/testperiph.c'
'Invoking: MicroBlaze gcc compiler'
mb-gcc -Wall -O0 -g3 -c -fmessage-length=0 -MT"src/testperiph.o" -I../../gpio_bsp/microblaze_0/include -mlittle-endian -mcpu=v10.0 -mxl-soft-mul -Wl,--no-relax -MMD -MP -MF"src/testperiph.d" -MT"src/testperiph.o" -o "src/testperiph.o" "../src/testperiph.c"
'Finished building: ../src/testperiph.c'
' '
'Building target: gpio.elf'
'Invoking: MicroBlaze gcc linker'
mb-gcc -Wl,-T -Wl,../src/lscript.ld -L../../gpio_bsp/microblaze_0/lib -mlittle-endian -mcpu=v10.0 -mxl-soft-mul -Wl,--no-relax -o "gpio.elf"  ./src/testperiph.o ./src/xgpio_tapp_example.o   -Wl,--start-group,-lxil,-lgcc,-lc,--end-group
'Finished building target: gpio.elf'
' '
'Invoking: MicroBlaze Print Size'
mb-size gpio.elf  |tee "gpio.elf.size"
   text	   data	    bss	    dec	    hex	filename
   8516	    312	   3156	  11984	   2ed0	gpio.elf
'Finished building: gpio.elf.size'
' '
19:18:42 **** Incremental Build of configuration Debug for project gpio ****
make all 
'Building file: ../src/testperiph.c'
'Invoking: MicroBlaze gcc compiler'
mb-gcc -Wall -O0 -g3 -c -fmessage-length=0 -MT"src/testperiph.o" -I../../gpio_bsp/microblaze_0/include -mlittle-endian -mcpu=v10.0 -mxl-soft-mul -Wl,--no-relax -MMD -MP -MF"src/testperiph.d" -MT"src/testperiph.o" -o "src/testperiph.o" "../src/testperiph.c"
'Finished building: ../src/testperiph.c'
' '
'Building target: gpio.elf'
'Invoking: MicroBlaze gcc linker'
mb-gcc -Wl,-T -Wl,../src/lscript.ld -L../../gpio_bsp/microblaze_0/lib -mlittle-endian -mcpu=v10.0 -mxl-soft-mul -Wl,--no-relax -o "gpio.elf"  ./src/testperiph.o ./src/xgpio_tapp_example.o   -Wl,--start-group,-lxil,-lgcc,-lc,--end-group
'Finished building target: gpio.elf'
' '
'Invoking: MicroBlaze Print Size'
mb-size gpio.elf  |tee "gpio.elf.size"
   text	   data	    bss	    dec	    hex	filename
   8600	    312	   3184	  12096	   2f40	gpio.elf
'Finished building: gpio.elf.size'
' '
19:20:26 **** Auto Build of configuration Debug for project gpio ****
make all 
'Building file: ../src/testperiph.c'
'Invoking: MicroBlaze gcc compiler'
mb-gcc -Wall -O0 -g3 -c -fmessage-length=0 -MT"src/testperiph.o" -I../../gpio_bsp/microblaze_0/include -mlittle-endian -mcpu=v10.0 -mxl-soft-mul -Wl,--no-relax -MMD -MP -MF"src/testperiph.d" -MT"src/testperiph.o" -o "src/testperiph.o" "../src/testperiph.c"
../src/testperiph.c: In function 'main':
../src/testperiph.c:55:11: warning: variable 'status' set but not used [-Wunused-but-set-variable]
       u32 status;
           ^
'Finished building: ../src/testperiph.c'
' '
'Building target: gpio.elf'
'Invoking: MicroBlaze gcc linker'
mb-gcc -Wl,-T -Wl,../src/lscript.ld -L../../gpio_bsp/microblaze_0/lib -mlittle-endian -mcpu=v10.0 -mxl-soft-mul -Wl,--no-relax -o "gpio.elf"  ./src/testperiph.o ./src/xgpio_tapp_example.o   -Wl,--start-group,-lxil,-lgcc,-lc,--end-group
'Finished building target: gpio.elf'
' '
'Invoking: MicroBlaze Print Size'
mb-size gpio.elf  |tee "gpio.elf.size"
   text	   data	    bss	    dec	    hex	filename
   8560	    312	   3184	  12056	   2f18	gpio.elf
'Finished building: gpio.elf.size'
' '
19:20:33 **** Auto Build of configuration Debug for project gpio ****
make all 
'Building file: ../src/testperiph.c'
'Invoking: MicroBlaze gcc compiler'
mb-gcc -Wall -O0 -g3 -c -fmessage-length=0 -MT"src/testperiph.o" -I../../gpio_bsp/microblaze_0/include -mlittle-endian -mcpu=v10.0 -mxl-soft-mul -Wl,--no-relax -MMD -MP -MF"src/testperiph.d" -MT"src/testperiph.o" -o "src/testperiph.o" "../src/testperiph.c"
../src/testperiph.c: In function 'main':
../src/testperiph.c:61:7: error: 'status' undeclared (first use in this function)
       status = GpioInputExample(XPAR_AXI_GPIO_0_DEVICE_ID, &DataRead);
       ^
../src/testperiph.c:61:7: note: each undeclared identifier is reported only once for each function it appears in
make: *** [src/testperiph.o] 1 הלקת
19:20:47 **** Auto Build of configuration Debug for project gpio ****
make all 
'Building file: ../src/testperiph.c'
'Invoking: MicroBlaze gcc compiler'
mb-gcc -Wall -O0 -g3 -c -fmessage-length=0 -MT"src/testperiph.o" -I../../gpio_bsp/microblaze_0/include -mlittle-endian -mcpu=v10.0 -mxl-soft-mul -Wl,--no-relax -MMD -MP -MF"src/testperiph.d" -MT"src/testperiph.o" -o "src/testperiph.o" "../src/testperiph.c"
'Finished building: ../src/testperiph.c'
' '
'Building target: gpio.elf'
'Invoking: MicroBlaze gcc linker'
mb-gcc -Wl,-T -Wl,../src/lscript.ld -L../../gpio_bsp/microblaze_0/lib -mlittle-endian -mcpu=v10.0 -mxl-soft-mul -Wl,--no-relax -o "gpio.elf"  ./src/testperiph.o ./src/xgpio_tapp_example.o   -Wl,--start-group,-lxil,-lgcc,-lc,--end-group
'Finished building target: gpio.elf'
' '
'Invoking: MicroBlaze Print Size'
mb-size gpio.elf  |tee "gpio.elf.size"
   text	   data	    bss	    dec	    hex	filename
   8556	    312	   3188	  12056	   2f18	gpio.elf
'Finished building: gpio.elf.size'
' '
19:20:55 **** Incremental Build of configuration Debug for project gpio ****
make all 
make: .`all רובע תושעל המ ןיא
19:21:11 **** Auto Build of configuration Debug for project hello ****
make all 
'Building file: ../src/helloworld.c'
'Invoking: MicroBlaze gcc compiler'
mb-gcc -Wall -O0 -g3 -c -fmessage-length=0 -MT"src/helloworld.o" -I../../hello_bsp/microblaze_0/include -mlittle-endian -mcpu=v10.0 -mxl-soft-mul -Wl,--no-relax -MMD -MP -MF"src/helloworld.d" -MT"src/helloworld.o" -o "src/helloworld.o" "../src/helloworld.c"
'Finished building: ../src/helloworld.c'
' '
'Building target: hello.elf'
'Invoking: MicroBlaze gcc linker'
mb-gcc -Wl,-T -Wl,../src/lscript.ld -L../../hello_bsp/microblaze_0/lib -mlittle-endian -mcpu=v10.0 -mxl-soft-mul -Wl,--no-relax -o "hello.elf"  ./src/helloworld.o ./src/platform.o   -Wl,--start-group,-lxil,-lgcc,-lc,--end-group
'Finished building target: hello.elf'
' '
'Invoking: MicroBlaze Print Size'
mb-size hello.elf  |tee "hello.elf.size"
   text	   data	    bss	    dec	    hex	filename
  92300	   1596	   3216	  97112	  17b58	hello.elf
'Finished building: hello.elf.size'
' '
19:21:13 **** Incremental Build of configuration Debug for project hello ****
make all 
make: .`all רובע תושעל המ ןיא
19:21:16 **** Incremental Build of configuration Debug for project hello ****
make all 
make: .`all רובע תושעל המ ןיא
19:21:21 **** Incremental Build of configuration Debug for project gpio ****
make all 
make: .`all רובע תושעל המ ןיא
19:21:33 **** Incremental Build of configuration Debug for project gpio ****
make all 
make: .`all רובע תושעל המ ןיא
19:22:36 **** Auto Build of configuration Debug for project gpio ****
make all 
'Building file: ../src/testperiph.c'
'Invoking: MicroBlaze gcc compiler'
mb-gcc -Wall -O0 -g3 -c -fmessage-length=0 -MT"src/testperiph.o" -I../../gpio_bsp/microblaze_0/include -mlittle-endian -mcpu=v10.0 -mxl-soft-mul -Wl,--no-relax -MMD -MP -MF"src/testperiph.d" -MT"src/testperiph.o" -o "src/testperiph.o" "../src/testperiph.c"
'Finished building: ../src/testperiph.c'
' '
'Building target: gpio.elf'
'Invoking: MicroBlaze gcc linker'
mb-gcc -Wl,-T -Wl,../src/lscript.ld -L../../gpio_bsp/microblaze_0/lib -mlittle-endian -mcpu=v10.0 -mxl-soft-mul -Wl,--no-relax -o "gpio.elf"  ./src/testperiph.o ./src/xgpio_tapp_example.o   -Wl,--start-group,-lxil,-lgcc,-lc,--end-group
'Finished building target: gpio.elf'
' '
'Invoking: MicroBlaze Print Size'
mb-size gpio.elf  |tee "gpio.elf.size"
   text	   data	    bss	    dec	    hex	filename
   8188	    312	   3188	  11688	   2da8	gpio.elf
'Finished building: gpio.elf.size'
' '
19:22:41 **** Incremental Build of configuration Debug for project gpio ****
make all 
make: .`all רובע תושעל המ ןיא
19:23:25 **** Auto Build of configuration Debug for project gpio ****
make all 
'Building file: ../src/testperiph.c'
'Invoking: MicroBlaze gcc compiler'
mb-gcc -Wall -O0 -g3 -c -fmessage-length=0 -MT"src/testperiph.o" -I../../gpio_bsp/microblaze_0/include -mlittle-endian -mcpu=v10.0 -mxl-soft-mul -Wl,--no-relax -MMD -MP -MF"src/testperiph.d" -MT"src/testperiph.o" -o "src/testperiph.o" "../src/testperiph.c"
'Finished building: ../src/testperiph.c'
' '
'Building target: gpio.elf'
'Invoking: MicroBlaze gcc linker'
mb-gcc -Wl,-T -Wl,../src/lscript.ld -L../../gpio_bsp/microblaze_0/lib -mlittle-endian -mcpu=v10.0 -mxl-soft-mul -Wl,--no-relax -o "gpio.elf"  ./src/testperiph.o ./src/xgpio_tapp_example.o   -Wl,--start-group,-lxil,-lgcc,-lc,--end-group
'Finished building target: gpio.elf'
' '
'Invoking: MicroBlaze Print Size'
mb-size gpio.elf  |tee "gpio.elf.size"
   text	   data	    bss	    dec	    hex	filename
   8152	    312	   3184	  11648	   2d80	gpio.elf
'Finished building: gpio.elf.size'
' '
19:30:51 **** Incremental Build of configuration Debug for project gpio ****
make all 
'Building file: ../src/testperiph.c'
'Invoking: MicroBlaze gcc compiler'
mb-gcc -Wall -O0 -g3 -c -fmessage-length=0 -MT"src/testperiph.o" -I../../gpio_bsp/microblaze_0/include -mlittle-endian -mcpu=v10.0 -mxl-soft-mul -Wl,--no-relax -MMD -MP -MF"src/testperiph.d" -MT"src/testperiph.o" -o "src/testperiph.o" "../src/testperiph.c"
../src/testperiph.c: In function 'main':
../src/testperiph.c:60:11: warning: variable 'input' set but not used [-Wunused-but-set-variable]
       u32 input;
           ^
'Finished building: ../src/testperiph.c'
' '
'Building target: gpio.elf'
'Invoking: MicroBlaze gcc linker'
mb-gcc -Wl,-T -Wl,../src/lscript.ld -L../../gpio_bsp/microblaze_0/lib -mlittle-endian -mcpu=v10.0 -mxl-soft-mul -Wl,--no-relax -o "gpio.elf"  ./src/testperiph.o ./src/xgpio_tapp_example.o   -Wl,--start-group,-lxil,-lgcc,-lc,--end-group
'Finished building target: gpio.elf'
' '
'Invoking: MicroBlaze Print Size'
mb-size gpio.elf  |tee "gpio.elf.size"
   text	   data	    bss	    dec	    hex	filename
   8184	    312	   3184	  11680	   2da0	gpio.elf
'Finished building: gpio.elf.size'
' '
19:31:31 **** Auto Build of configuration Debug for project gpio ****
make all 
'Building file: ../src/testperiph.c'
'Invoking: MicroBlaze gcc compiler'
mb-gcc -Wall -O0 -g3 -c -fmessage-length=0 -MT"src/testperiph.o" -I../../gpio_bsp/microblaze_0/include -mlittle-endian -mcpu=v10.0 -mxl-soft-mul -Wl,--no-relax -MMD -MP -MF"src/testperiph.d" -MT"src/testperiph.o" -o "src/testperiph.o" "../src/testperiph.c"
../src/testperiph.c: In function 'main':
../src/testperiph.c:60:11: warning: variable 'input' set but not used [-Wunused-but-set-variable]
       u32 input;
           ^
'Finished building: ../src/testperiph.c'
' '
'Building target: gpio.elf'
'Invoking: MicroBlaze gcc linker'
mb-gcc -Wl,-T -Wl,../src/lscript.ld -L../../gpio_bsp/microblaze_0/lib -mlittle-endian -mcpu=v10.0 -mxl-soft-mul -Wl,--no-relax -o "gpio.elf"  ./src/testperiph.o ./src/xgpio_tapp_example.o   -Wl,--start-group,-lxil,-lgcc,-lc,--end-group
'Finished building target: gpio.elf'
' '
'Invoking: MicroBlaze Print Size'
mb-size gpio.elf  |tee "gpio.elf.size"
   text	   data	    bss	    dec	    hex	filename
   8184	    312	   3184	  11680	   2da0	gpio.elf
'Finished building: gpio.elf.size'
' '
19:31:32 **** Incremental Build of configuration Debug for project gpio ****
make all 
make: .`all רובע תושעל המ ןיא
19:31:49 **** Auto Build of configuration Debug for project gpio ****
make all 
'Building file: ../src/testperiph.c'
'Invoking: MicroBlaze gcc compiler'
mb-gcc -Wall -O0 -g3 -c -fmessage-length=0 -MT"src/testperiph.o" -I../../gpio_bsp/microblaze_0/include -mlittle-endian -mcpu=v10.0 -mxl-soft-mul -Wl,--no-relax -MMD -MP -MF"src/testperiph.d" -MT"src/testperiph.o" -o "src/testperiph.o" "../src/testperiph.c"
'Finished building: ../src/testperiph.c'
' '
'Building target: gpio.elf'
'Invoking: MicroBlaze gcc linker'
mb-gcc -Wl,-T -Wl,../src/lscript.ld -L../../gpio_bsp/microblaze_0/lib -mlittle-endian -mcpu=v10.0 -mxl-soft-mul -Wl,--no-relax -o "gpio.elf"  ./src/testperiph.o ./src/xgpio_tapp_example.o   -Wl,--start-group,-lxil,-lgcc,-lc,--end-group
'Finished building target: gpio.elf'
' '
'Invoking: MicroBlaze Print Size'
mb-size gpio.elf  |tee "gpio.elf.size"
   text	   data	    bss	    dec	    hex	filename
   8184	    312	   3184	  11680	   2da0	gpio.elf
'Finished building: gpio.elf.size'
' '
19:31:50 **** Incremental Build of configuration Debug for project gpio ****
make all 
make: .`all רובע תושעל המ ןיא
19:32:00 **** Auto Build of configuration Debug for project gpio ****
make all 
'Building file: ../src/testperiph.c'
'Invoking: MicroBlaze gcc compiler'
mb-gcc -Wall -O0 -g3 -c -fmessage-length=0 -MT"src/testperiph.o" -I../../gpio_bsp/microblaze_0/include -mlittle-endian -mcpu=v10.0 -mxl-soft-mul -Wl,--no-relax -MMD -MP -MF"src/testperiph.d" -MT"src/testperiph.o" -o "src/testperiph.o" "../src/testperiph.c"
'Finished building: ../src/testperiph.c'
' '
'Building target: gpio.elf'
'Invoking: MicroBlaze gcc linker'
mb-gcc -Wl,-T -Wl,../src/lscript.ld -L../../gpio_bsp/microblaze_0/lib -mlittle-endian -mcpu=v10.0 -mxl-soft-mul -Wl,--no-relax -o "gpio.elf"  ./src/testperiph.o ./src/xgpio_tapp_example.o   -Wl,--start-group,-lxil,-lgcc,-lc,--end-group
'Finished building target: gpio.elf'
' '
'Invoking: MicroBlaze Print Size'
mb-size gpio.elf  |tee "gpio.elf.size"
   text	   data	    bss	    dec	    hex	filename
   8184	    312	   3184	  11680	   2da0	gpio.elf
'Finished building: gpio.elf.size'
' '
19:32:01 **** Incremental Build of configuration Debug for project gpio ****
make all 
make: .`all רובע תושעל המ ןיא
19:32:02 **** Incremental Build of configuration Debug for project gpio ****
make all 
make: .`all רובע תושעל המ ןיא
19:32:16 **** Auto Build of configuration Debug for project gpio ****
make all 
'Building file: ../src/testperiph.c'
'Invoking: MicroBlaze gcc compiler'
mb-gcc -Wall -O0 -g3 -c -fmessage-length=0 -MT"src/testperiph.o" -I../../gpio_bsp/microblaze_0/include -mlittle-endian -mcpu=v10.0 -mxl-soft-mul -Wl,--no-relax -MMD -MP -MF"src/testperiph.d" -MT"src/testperiph.o" -o "src/testperiph.o" "../src/testperiph.c"
../src/testperiph.c: In function 'main':
../src/testperiph.c:66:5: warning: 'DataRead' may be used uninitialized in this function [-Wmaybe-uninitialized]
     xil_printf("LED ON Read data:0x%X\r\n", DataRead);
     ^
'Finished building: ../src/testperiph.c'
' '
'Building target: gpio.elf'
'Invoking: MicroBlaze gcc linker'
mb-gcc -Wl,-T -Wl,../src/lscript.ld -L../../gpio_bsp/microblaze_0/lib -mlittle-endian -mcpu=v10.0 -mxl-soft-mul -Wl,--no-relax -o "gpio.elf"  ./src/testperiph.o ./src/xgpio_tapp_example.o   -Wl,--start-group,-lxil,-lgcc,-lc,--end-group
'Finished building target: gpio.elf'
' '
'Invoking: MicroBlaze Print Size'
mb-size gpio.elf  |tee "gpio.elf.size"
   text	   data	    bss	    dec	    hex	filename
   8156	    312	   3188	  11656	   2d88	gpio.elf
'Finished building: gpio.elf.size'
' '
19:32:37 **** Auto Build of configuration Debug for project gpio ****
make all 
'Building file: ../src/testperiph.c'
'Invoking: MicroBlaze gcc compiler'
mb-gcc -Wall -O0 -g3 -c -fmessage-length=0 -MT"src/testperiph.o" -I../../gpio_bsp/microblaze_0/include -mlittle-endian -mcpu=v10.0 -mxl-soft-mul -Wl,--no-relax -MMD -MP -MF"src/testperiph.d" -MT"src/testperiph.o" -o "src/testperiph.o" "../src/testperiph.c"
../src/testperiph.c: In function 'main':
../src/testperiph.c:59:11: warning: unused variable 'DataRead' [-Wunused-variable]
       u32 DataRead;
           ^
'Finished building: ../src/testperiph.c'
' '
'Building target: gpio.elf'
'Invoking: MicroBlaze gcc linker'
mb-gcc -Wl,-T -Wl,../src/lscript.ld -L../../gpio_bsp/microblaze_0/lib -mlittle-endian -mcpu=v10.0 -mxl-soft-mul -Wl,--no-relax -o "gpio.elf"  ./src/testperiph.o ./src/xgpio_tapp_example.o   -Wl,--start-group,-lxil,-lgcc,-lc,--end-group
'Finished building target: gpio.elf'
' '
'Invoking: MicroBlaze Print Size'
mb-size gpio.elf  |tee "gpio.elf.size"
   text	   data	    bss	    dec	    hex	filename
  94392	   1612	   3276	  99280	  183d0	gpio.elf
'Finished building: gpio.elf.size'
' '
19:32:39 **** Incremental Build of configuration Debug for project gpio ****
make all 
make: .`all רובע תושעל המ ןיא
19:32:53 **** Auto Build of configuration Debug for project gpio ****
make all 
'Building file: ../src/testperiph.c'
'Invoking: MicroBlaze gcc compiler'
mb-gcc -Wall -O0 -g3 -c -fmessage-length=0 -MT"src/testperiph.o" -I../../gpio_bsp/microblaze_0/include -mlittle-endian -mcpu=v10.0 -mxl-soft-mul -Wl,--no-relax -MMD -MP -MF"src/testperiph.d" -MT"src/testperiph.o" -o "src/testperiph.o" "../src/testperiph.c"
../src/testperiph.c: In function 'main':
../src/testperiph.c:59:11: warning: unused variable 'DataRead' [-Wunused-variable]
       u32 DataRead;
           ^
'Finished building: ../src/testperiph.c'
' '
'Building target: gpio.elf'
'Invoking: MicroBlaze gcc linker'
mb-gcc -Wl,-T -Wl,../src/lscript.ld -L../../gpio_bsp/microblaze_0/lib -mlittle-endian -mcpu=v10.0 -mxl-soft-mul -Wl,--no-relax -o "gpio.elf"  ./src/testperiph.o ./src/xgpio_tapp_example.o   -Wl,--start-group,-lxil,-lgcc,-lc,--end-group
'Finished building target: gpio.elf'
' '
'Invoking: MicroBlaze Print Size'
mb-size gpio.elf  |tee "gpio.elf.size"
   text	   data	    bss	    dec	    hex	filename
  29996	   1348	   3264	  34608	   8730	gpio.elf
'Finished building: gpio.elf.size'
' '
19:33:04 **** Auto Build of configuration Debug for project gpio ****
make all 
'Building file: ../src/testperiph.c'
'Invoking: MicroBlaze gcc compiler'
mb-gcc -Wall -O0 -g3 -c -fmessage-length=0 -MT"src/testperiph.o" -I../../gpio_bsp/microblaze_0/include -mlittle-endian -mcpu=v10.0 -mxl-soft-mul -Wl,--no-relax -MMD -MP -MF"src/testperiph.d" -MT"src/testperiph.o" -o "src/testperiph.o" "../src/testperiph.c"
../src/testperiph.c: In function 'main':
../src/testperiph.c:59:11: warning: unused variable 'DataRead' [-Wunused-variable]
       u32 DataRead;
           ^
'Finished building: ../src/testperiph.c'
' '
'Building target: gpio.elf'
'Invoking: MicroBlaze gcc linker'
mb-gcc -Wl,-T -Wl,../src/lscript.ld -L../../gpio_bsp/microblaze_0/lib -mlittle-endian -mcpu=v10.0 -mxl-soft-mul -Wl,--no-relax -o "gpio.elf"  ./src/testperiph.o ./src/xgpio_tapp_example.o   -Wl,--start-group,-lxil,-lgcc,-lc,--end-group
'Finished building target: gpio.elf'
' '
'Invoking: MicroBlaze Print Size'
mb-size gpio.elf  |tee "gpio.elf.size"
   text	   data	    bss	    dec	    hex	filename
  29992	   1348	   3260	  34600	   8728	gpio.elf
'Finished building: gpio.elf.size'
' '
19:33:06 **** Incremental Build of configuration Debug for project gpio ****
make all 
make: .`all רובע תושעל המ ןיא
19:33:55 **** Auto Build of configuration Debug for project gpio ****
make all 
'Building file: ../src/testperiph.c'
'Invoking: MicroBlaze gcc compiler'
mb-gcc -Wall -O0 -g3 -c -fmessage-length=0 -MT"src/testperiph.o" -I../../gpio_bsp/microblaze_0/include -mlittle-endian -mcpu=v10.0 -mxl-soft-mul -Wl,--no-relax -MMD -MP -MF"src/testperiph.d" -MT"src/testperiph.o" -o "src/testperiph.o" "../src/testperiph.c"
../src/testperiph.c: In function 'main':
../src/testperiph.c:59:11: warning: unused variable 'DataRead' [-Wunused-variable]
       u32 DataRead;
           ^
'Finished building: ../src/testperiph.c'
' '
'Building target: gpio.elf'
'Invoking: MicroBlaze gcc linker'
mb-gcc -Wl,-T -Wl,../src/lscript.ld -L../../gpio_bsp/microblaze_0/lib -mlittle-endian -mcpu=v10.0 -mxl-soft-mul -Wl,--no-relax -o "gpio.elf"  ./src/testperiph.o ./src/xgpio_tapp_example.o   -Wl,--start-group,-lxil,-lgcc,-lc,--end-group
'Finished building target: gpio.elf'
' '
'Invoking: MicroBlaze Print Size'
mb-size gpio.elf  |tee "gpio.elf.size"
   text	   data	    bss	    dec	    hex	filename
  29992	   1348	   3260	  34600	   8728	gpio.elf
'Finished building: gpio.elf.size'
' '
19:33:57 **** Incremental Build of configuration Debug for project gpio ****
make all 
make: .`all רובע תושעל המ ןיא
19:35:37 **** Auto Build of configuration Debug for project gpio ****
make all 
'Building file: ../src/testperiph.c'
'Invoking: MicroBlaze gcc compiler'
mb-gcc -Wall -O0 -g3 -c -fmessage-length=0 -MT"src/testperiph.o" -I../../gpio_bsp/microblaze_0/include -mlittle-endian -mcpu=v10.0 -mxl-soft-mul -Wl,--no-relax -MMD -MP -MF"src/testperiph.d" -MT"src/testperiph.o" -o "src/testperiph.o" "../src/testperiph.c"
../src/testperiph.c: In function 'main':
../src/testperiph.c:59:11: warning: unused variable 'DataRead' [-Wunused-variable]
       u32 DataRead;
           ^
'Finished building: ../src/testperiph.c'
' '
'Building target: gpio.elf'
'Invoking: MicroBlaze gcc linker'
mb-gcc -Wl,-T -Wl,../src/lscript.ld -L../../gpio_bsp/microblaze_0/lib -mlittle-endian -mcpu=v10.0 -mxl-soft-mul -Wl,--no-relax -o "gpio.elf"  ./src/testperiph.o ./src/xgpio_tapp_example.o   -Wl,--start-group,-lxil,-lgcc,-lc,--end-group
'Finished building target: gpio.elf'
' '
'Invoking: MicroBlaze Print Size'
mb-size gpio.elf  |tee "gpio.elf.size"
   text	   data	    bss	    dec	    hex	filename
  29996	   1348	   3264	  34608	   8730	gpio.elf
'Finished building: gpio.elf.size'
' '
19:35:39 **** Incremental Build of configuration Debug for project gpio ****
make all 
make: .`all רובע תושעל המ ןיא
19:36:26 **** Auto Build of configuration Debug for project gpio ****
make all 
'Building file: ../src/testperiph.c'
'Invoking: MicroBlaze gcc compiler'
mb-gcc -Wall -O0 -g3 -c -fmessage-length=0 -MT"src/testperiph.o" -I../../gpio_bsp/microblaze_0/include -mlittle-endian -mcpu=v10.0 -mxl-soft-mul -Wl,--no-relax -MMD -MP -MF"src/testperiph.d" -MT"src/testperiph.o" -o "src/testperiph.o" "../src/testperiph.c"
../src/testperiph.c: In function 'main':
../src/testperiph.c:59:11: warning: unused variable 'DataRead' [-Wunused-variable]
       u32 DataRead;
           ^
'Finished building: ../src/testperiph.c'
' '
'Building target: gpio.elf'
'Invoking: MicroBlaze gcc linker'
mb-gcc -Wl,-T -Wl,../src/lscript.ld -L../../gpio_bsp/microblaze_0/lib -mlittle-endian -mcpu=v10.0 -mxl-soft-mul -Wl,--no-relax -o "gpio.elf"  ./src/testperiph.o ./src/xgpio_tapp_example.o   -Wl,--start-group,-lxil,-lgcc,-lc,--end-group
'Finished building target: gpio.elf'
' '
'Invoking: MicroBlaze Print Size'
mb-size gpio.elf  |tee "gpio.elf.size"
   text	   data	    bss	    dec	    hex	filename
  30028	   1348	   3264	  34640	   8750	gpio.elf
'Finished building: gpio.elf.size'
' '
19:36:27 **** Incremental Build of configuration Debug for project gpio ****
make all 
make: .`all רובע תושעל המ ןיא
19:36:49 **** Auto Build of configuration Debug for project gpio ****
make all 
'Building file: ../src/testperiph.c'
'Invoking: MicroBlaze gcc compiler'
mb-gcc -Wall -O0 -g3 -c -fmessage-length=0 -MT"src/testperiph.o" -I../../gpio_bsp/microblaze_0/include -mlittle-endian -mcpu=v10.0 -mxl-soft-mul -Wl,--no-relax -MMD -MP -MF"src/testperiph.d" -MT"src/testperiph.o" -o "src/testperiph.o" "../src/testperiph.c"
../src/testperiph.c: In function 'main':
../src/testperiph.c:59:11: warning: unused variable 'DataRead' [-Wunused-variable]
       u32 DataRead;
           ^
'Finished building: ../src/testperiph.c'
' '
'Building target: gpio.elf'
'Invoking: MicroBlaze gcc linker'
mb-gcc -Wl,-T -Wl,../src/lscript.ld -L../../gpio_bsp/microblaze_0/lib -mlittle-endian -mcpu=v10.0 -mxl-soft-mul -Wl,--no-relax -o "gpio.elf"  ./src/testperiph.o ./src/xgpio_tapp_example.o   -Wl,--start-group,-lxil,-lgcc,-lc,--end-group
'Finished building target: gpio.elf'
' '
'Invoking: MicroBlaze Print Size'
mb-size gpio.elf  |tee "gpio.elf.size"
   text	   data	    bss	    dec	    hex	filename
  30028	   1348	   3264	  34640	   8750	gpio.elf
'Finished building: gpio.elf.size'
' '
19:36:50 **** Incremental Build of configuration Debug for project gpio ****
make all 
make: .`all רובע תושעל המ ןיא
19:37:55 **** Auto Build of configuration Debug for project gpio ****
make all 
'Building file: ../src/testperiph.c'
'Invoking: MicroBlaze gcc compiler'
mb-gcc -Wall -O0 -g3 -c -fmessage-length=0 -MT"src/testperiph.o" -I../../gpio_bsp/microblaze_0/include -mlittle-endian -mcpu=v10.0 -mxl-soft-mul -Wl,--no-relax -MMD -MP -MF"src/testperiph.d" -MT"src/testperiph.o" -o "src/testperiph.o" "../src/testperiph.c"
../src/testperiph.c: In function 'main':
../src/testperiph.c:59:11: warning: unused variable 'DataRead' [-Wunused-variable]
       u32 DataRead;
           ^
'Finished building: ../src/testperiph.c'
' '
'Building target: gpio.elf'
'Invoking: MicroBlaze gcc linker'
mb-gcc -Wl,-T -Wl,../src/lscript.ld -L../../gpio_bsp/microblaze_0/lib -mlittle-endian -mcpu=v10.0 -mxl-soft-mul -Wl,--no-relax -o "gpio.elf"  ./src/testperiph.o ./src/xgpio_tapp_example.o   -Wl,--start-group,-lxil,-lgcc,-lc,--end-group
'Finished building target: gpio.elf'
' '
'Invoking: MicroBlaze Print Size'
mb-size gpio.elf  |tee "gpio.elf.size"
   text	   data	    bss	    dec	    hex	filename
  30028	   1348	   3264	  34640	   8750	gpio.elf
'Finished building: gpio.elf.size'
' '
19:37:56 **** Incremental Build of configuration Debug for project gpio ****
make all 
make: .`all רובע תושעל המ ןיא
19:38:29 **** Auto Build of configuration Debug for project gpio ****
make all 
'Building file: ../src/testperiph.c'
'Invoking: MicroBlaze gcc compiler'
mb-gcc -Wall -O0 -g3 -c -fmessage-length=0 -MT"src/testperiph.o" -I../../gpio_bsp/microblaze_0/include -mlittle-endian -mcpu=v10.0 -mxl-soft-mul -Wl,--no-relax -MMD -MP -MF"src/testperiph.d" -MT"src/testperiph.o" -o "src/testperiph.o" "../src/testperiph.c"
../src/testperiph.c: In function 'main':
../src/testperiph.c:69:36: warning: passing argument 3 of 'XGpio_DiscreteWrite' makes integer from pointer without a cast [-Wint-conversion]
    XGpio_DiscreteWrite(&GPIO_0, 2, "101");
                                    ^
In file included from ../src/testperiph.c:33:0:
../../gpio_bsp/microblaze_0/include/xgpio.h:176:6: note: expected 'u32 {aka long unsigned int}' but argument is of type 'char *'
 void XGpio_DiscreteWrite(XGpio *InstancePtr, unsigned Channel, u32 Mask);
      ^
../src/testperiph.c:59:11: warning: unused variable 'DataRead' [-Wunused-variable]
       u32 DataRead;
           ^
'Finished building: ../src/testperiph.c'
' '
'Building target: gpio.elf'
'Invoking: MicroBlaze gcc linker'
mb-gcc -Wl,-T -Wl,../src/lscript.ld -L../../gpio_bsp/microblaze_0/lib -mlittle-endian -mcpu=v10.0 -mxl-soft-mul -Wl,--no-relax -o "gpio.elf"  ./src/testperiph.o ./src/xgpio_tapp_example.o   -Wl,--start-group,-lxil,-lgcc,-lc,--end-group
'Finished building target: gpio.elf'
' '
'Invoking: MicroBlaze Print Size'
mb-size gpio.elf  |tee "gpio.elf.size"
   text	   data	    bss	    dec	    hex	filename
  30036	   1348	   3264	  34648	   8758	gpio.elf
'Finished building: gpio.elf.size'
' '
19:38:30 **** Incremental Build of configuration Debug for project gpio ****
make all 
make: .`all רובע תושעל המ ןיא
19:38:45 **** Auto Build of configuration Debug for project gpio ****
make all 
'Building file: ../src/testperiph.c'
'Invoking: MicroBlaze gcc compiler'
mb-gcc -Wall -O0 -g3 -c -fmessage-length=0 -MT"src/testperiph.o" -I../../gpio_bsp/microblaze_0/include -mlittle-endian -mcpu=v10.0 -mxl-soft-mul -Wl,--no-relax -MMD -MP -MF"src/testperiph.d" -MT"src/testperiph.o" -o "src/testperiph.o" "../src/testperiph.c"
../src/testperiph.c: In function 'main':
../src/testperiph.c:69:36: warning: passing argument 3 of 'XGpio_DiscreteWrite' makes integer from pointer without a cast [-Wint-conversion]
    XGpio_DiscreteWrite(&GPIO_0, 1, "101");
                                    ^
In file included from ../src/testperiph.c:33:0:
../../gpio_bsp/microblaze_0/include/xgpio.h:176:6: note: expected 'u32 {aka long unsigned int}' but argument is of type 'char *'
 void XGpio_DiscreteWrite(XGpio *InstancePtr, unsigned Channel, u32 Mask);
      ^
../src/testperiph.c:59:11: warning: unused variable 'DataRead' [-Wunused-variable]
       u32 DataRead;
           ^
'Finished building: ../src/testperiph.c'
' '
'Building target: gpio.elf'
'Invoking: MicroBlaze gcc linker'
mb-gcc -Wl,-T -Wl,../src/lscript.ld -L../../gpio_bsp/microblaze_0/lib -mlittle-endian -mcpu=v10.0 -mxl-soft-mul -Wl,--no-relax -o "gpio.elf"  ./src/testperiph.o ./src/xgpio_tapp_example.o   -Wl,--start-group,-lxil,-lgcc,-lc,--end-group
'Finished building target: gpio.elf'
' '
'Invoking: MicroBlaze Print Size'
mb-size gpio.elf  |tee "gpio.elf.size"
   text	   data	    bss	    dec	    hex	filename
  30036	   1348	   3264	  34648	   8758	gpio.elf
'Finished building: gpio.elf.size'
' '
19:38:47 **** Incremental Build of configuration Debug for project gpio ****
make all 
make: .`all רובע תושעל המ ןיא
19:40:13 **** Auto Build of configuration Debug for project gpio ****
make all 
'Building file: ../src/testperiph.c'
'Invoking: MicroBlaze gcc compiler'
mb-gcc -Wall -O0 -g3 -c -fmessage-length=0 -MT"src/testperiph.o" -I../../gpio_bsp/microblaze_0/include -mlittle-endian -mcpu=v10.0 -mxl-soft-mul -Wl,--no-relax -MMD -MP -MF"src/testperiph.d" -MT"src/testperiph.o" -o "src/testperiph.o" "../src/testperiph.c"
../src/testperiph.c: In function 'main':
../src/testperiph.c:69:36: warning: passing argument 3 of 'XGpio_DiscreteWrite' makes integer from pointer without a cast [-Wint-conversion]
    XGpio_DiscreteWrite(&GPIO_0, 2, "101");
                                    ^
In file included from ../src/testperiph.c:33:0:
../../gpio_bsp/microblaze_0/include/xgpio.h:176:6: note: expected 'u32 {aka long unsigned int}' but argument is of type 'char *'
 void XGpio_DiscreteWrite(XGpio *InstancePtr, unsigned Channel, u32 Mask);
      ^
../src/testperiph.c:59:11: warning: unused variable 'DataRead' [-Wunused-variable]
       u32 DataRead;
           ^
'Finished building: ../src/testperiph.c'
' '
'Building target: gpio.elf'
'Invoking: MicroBlaze gcc linker'
mb-gcc -Wl,-T -Wl,../src/lscript.ld -L../../gpio_bsp/microblaze_0/lib -mlittle-endian -mcpu=v10.0 -mxl-soft-mul -Wl,--no-relax -o "gpio.elf"  ./src/testperiph.o ./src/xgpio_tapp_example.o   -Wl,--start-group,-lxil,-lgcc,-lc,--end-group
'Finished building target: gpio.elf'
' '
'Invoking: MicroBlaze Print Size'
mb-size gpio.elf  |tee "gpio.elf.size"
   text	   data	    bss	    dec	    hex	filename
  30036	   1348	   3264	  34648	   8758	gpio.elf
'Finished building: gpio.elf.size'
' '
19:40:26 **** Incremental Build of configuration Debug for project gpio ****
make all 
make: .`all רובע תושעל המ ןיא
19:41:54 **** Auto Build of configuration Debug for project gpio ****
make all 
'Building file: ../src/testperiph.c'
'Invoking: MicroBlaze gcc compiler'
mb-gcc -Wall -O0 -g3 -c -fmessage-length=0 -MT"src/testperiph.o" -I../../gpio_bsp/microblaze_0/include -mlittle-endian -mcpu=v10.0 -mxl-soft-mul -Wl,--no-relax -MMD -MP -MF"src/testperiph.d" -MT"src/testperiph.o" -o "src/testperiph.o" "../src/testperiph.c"
../src/testperiph.c: In function 'main':
../src/testperiph.c:69:36: warning: passing argument 3 of 'XGpio_DiscreteWrite' makes integer from pointer without a cast [-Wint-conversion]
    XGpio_DiscreteWrite(&GPIO_0, 2, "101");
                                    ^
In file included from ../src/testperiph.c:33:0:
../../gpio_bsp/microblaze_0/include/xgpio.h:176:6: note: expected 'u32 {aka long unsigned int}' but argument is of type 'char *'
 void XGpio_DiscreteWrite(XGpio *InstancePtr, unsigned Channel, u32 Mask);
      ^
../src/testperiph.c:59:11: warning: unused variable 'DataRead' [-Wunused-variable]
       u32 DataRead;
           ^
'Finished building: ../src/testperiph.c'
' '
'Building target: gpio.elf'
'Invoking: MicroBlaze gcc linker'
mb-gcc -Wl,-T -Wl,../src/lscript.ld -L../../gpio_bsp/microblaze_0/lib -mlittle-endian -mcpu=v10.0 -mxl-soft-mul -Wl,--no-relax -o "gpio.elf"  ./src/testperiph.o ./src/xgpio_tapp_example.o   -Wl,--start-group,-lxil,-lgcc,-lc,--end-group
'Finished building target: gpio.elf'
' '
'Invoking: MicroBlaze Print Size'
mb-size gpio.elf  |tee "gpio.elf.size"
   text	   data	    bss	    dec	    hex	filename
  30036	   1348	   3264	  34648	   8758	gpio.elf
'Finished building: gpio.elf.size'
' '
19:43:27 **** Auto Build of configuration Debug for project gpio ****
make all 
'Building file: ../src/testperiph.c'
'Invoking: MicroBlaze gcc compiler'
mb-gcc -Wall -O0 -g3 -c -fmessage-length=0 -MT"src/testperiph.o" -I../../gpio_bsp/microblaze_0/include -mlittle-endian -mcpu=v10.0 -mxl-soft-mul -Wl,--no-relax -MMD -MP -MF"src/testperiph.d" -MT"src/testperiph.o" -o "src/testperiph.o" "../src/testperiph.c"
../src/testperiph.c: In function 'main':
../src/testperiph.c:59:11: warning: unused variable 'DataRead' [-Wunused-variable]
       u32 DataRead;
           ^
'Finished building: ../src/testperiph.c'
' '
'Building target: gpio.elf'
'Invoking: MicroBlaze gcc linker'
mb-gcc -Wl,-T -Wl,../src/lscript.ld -L../../gpio_bsp/microblaze_0/lib -mlittle-endian -mcpu=v10.0 -mxl-soft-mul -Wl,--no-relax -o "gpio.elf"  ./src/testperiph.o ./src/xgpio_tapp_example.o   -Wl,--start-group,-lxil,-lgcc,-lc,--end-group
'Finished building target: gpio.elf'
' '
'Invoking: MicroBlaze Print Size'
mb-size gpio.elf  |tee "gpio.elf.size"
   text	   data	    bss	    dec	    hex	filename
  30024	   1348	   3260	  34632	   8748	gpio.elf
'Finished building: gpio.elf.size'
' '
19:43:33 **** Auto Build of configuration Debug for project gpio ****
make all 
'Building file: ../src/testperiph.c'
'Invoking: MicroBlaze gcc compiler'
mb-gcc -Wall -O0 -g3 -c -fmessage-length=0 -MT"src/testperiph.o" -I../../gpio_bsp/microblaze_0/include -mlittle-endian -mcpu=v10.0 -mxl-soft-mul -Wl,--no-relax -MMD -MP -MF"src/testperiph.d" -MT"src/testperiph.o" -o "src/testperiph.o" "../src/testperiph.c"
../src/testperiph.c: In function 'main':
../src/testperiph.c:59:11: warning: unused variable 'DataRead' [-Wunused-variable]
       u32 DataRead;
           ^
'Finished building: ../src/testperiph.c'
' '
'Building target: gpio.elf'
'Invoking: MicroBlaze gcc linker'
mb-gcc -Wl,-T -Wl,../src/lscript.ld -L../../gpio_bsp/microblaze_0/lib -mlittle-endian -mcpu=v10.0 -mxl-soft-mul -Wl,--no-relax -o "gpio.elf"  ./src/testperiph.o ./src/xgpio_tapp_example.o   -Wl,--start-group,-lxil,-lgcc,-lc,--end-group
'Finished building target: gpio.elf'
' '
'Invoking: MicroBlaze Print Size'
mb-size gpio.elf  |tee "gpio.elf.size"
   text	   data	    bss	    dec	    hex	filename
  30020	   1348	   3264	  34632	   8748	gpio.elf
'Finished building: gpio.elf.size'
' '
19:43:35 **** Incremental Build of configuration Debug for project gpio ****
make all 
make: .`all רובע תושעל המ ןיא
19:44:33 **** Auto Build of configuration Debug for project gpio ****
make all 
'Building file: ../src/testperiph.c'
'Invoking: MicroBlaze gcc compiler'
mb-gcc -Wall -O0 -g3 -c -fmessage-length=0 -MT"src/testperiph.o" -I../../gpio_bsp/microblaze_0/include -mlittle-endian -mcpu=v10.0 -mxl-soft-mul -Wl,--no-relax -MMD -MP -MF"src/testperiph.d" -MT"src/testperiph.o" -o "src/testperiph.o" "../src/testperiph.c"
../src/testperiph.c: In function 'main':
../src/testperiph.c:59:11: warning: unused variable 'DataRead' [-Wunused-variable]
       u32 DataRead;
           ^
'Finished building: ../src/testperiph.c'
' '
'Building target: gpio.elf'
'Invoking: MicroBlaze gcc linker'
mb-gcc -Wl,-T -Wl,../src/lscript.ld -L../../gpio_bsp/microblaze_0/lib -mlittle-endian -mcpu=v10.0 -mxl-soft-mul -Wl,--no-relax -o "gpio.elf"  ./src/testperiph.o ./src/xgpio_tapp_example.o   -Wl,--start-group,-lxil,-lgcc,-lc,--end-group
'Finished building target: gpio.elf'
' '
'Invoking: MicroBlaze Print Size'
mb-size gpio.elf  |tee "gpio.elf.size"
   text	   data	    bss	    dec	    hex	filename
  30020	   1348	   3264	  34632	   8748	gpio.elf
'Finished building: gpio.elf.size'
' '
19:44:38 **** Incremental Build of configuration Debug for project gpio ****
make all 
make: .`all רובע תושעל המ ןיא
19:44:49 **** Incremental Build of configuration Debug for project gpio ****
make all 
make: .`all רובע תושעל המ ןיא
19:45:02 **** Auto Build of configuration Debug for project gpio ****
make all 
'Building file: ../src/testperiph.c'
'Invoking: MicroBlaze gcc compiler'
mb-gcc -Wall -O0 -g3 -c -fmessage-length=0 -MT"src/testperiph.o" -I../../gpio_bsp/microblaze_0/include -mlittle-endian -mcpu=v10.0 -mxl-soft-mul -Wl,--no-relax -MMD -MP -MF"src/testperiph.d" -MT"src/testperiph.o" -o "src/testperiph.o" "../src/testperiph.c"
../src/testperiph.c: In function 'main':
../src/testperiph.c:59:11: warning: unused variable 'DataRead' [-Wunused-variable]
       u32 DataRead;
           ^
'Finished building: ../src/testperiph.c'
' '
'Building target: gpio.elf'
'Invoking: MicroBlaze gcc linker'
mb-gcc -Wl,-T -Wl,../src/lscript.ld -L../../gpio_bsp/microblaze_0/lib -mlittle-endian -mcpu=v10.0 -mxl-soft-mul -Wl,--no-relax -o "gpio.elf"  ./src/testperiph.o ./src/xgpio_tapp_example.o   -Wl,--start-group,-lxil,-lgcc,-lc,--end-group
'Finished building target: gpio.elf'
' '
'Invoking: MicroBlaze Print Size'
mb-size gpio.elf  |tee "gpio.elf.size"
   text	   data	    bss	    dec	    hex	filename
  30020	   1348	   3264	  34632	   8748	gpio.elf
'Finished building: gpio.elf.size'
' '
19:45:03 **** Incremental Build of configuration Debug for project gpio ****
make all 
make: .`all רובע תושעל המ ןיא
19:45:26 **** Auto Build of configuration Debug for project gpio ****
make all 
'Building file: ../src/testperiph.c'
'Invoking: MicroBlaze gcc compiler'
mb-gcc -Wall -O0 -g3 -c -fmessage-length=0 -MT"src/testperiph.o" -I../../gpio_bsp/microblaze_0/include -mlittle-endian -mcpu=v10.0 -mxl-soft-mul -Wl,--no-relax -MMD -MP -MF"src/testperiph.d" -MT"src/testperiph.o" -o "src/testperiph.o" "../src/testperiph.c"
../src/testperiph.c: In function 'main':
../src/testperiph.c:59:11: warning: unused variable 'DataRead' [-Wunused-variable]
       u32 DataRead;
           ^
'Finished building: ../src/testperiph.c'
' '
'Building target: gpio.elf'
'Invoking: MicroBlaze gcc linker'
mb-gcc -Wl,-T -Wl,../src/lscript.ld -L../../gpio_bsp/microblaze_0/lib -mlittle-endian -mcpu=v10.0 -mxl-soft-mul -Wl,--no-relax -o "gpio.elf"  ./src/testperiph.o ./src/xgpio_tapp_example.o   -Wl,--start-group,-lxil,-lgcc,-lc,--end-group
'Finished building target: gpio.elf'
' '
'Invoking: MicroBlaze Print Size'
mb-size gpio.elf  |tee "gpio.elf.size"
   text	   data	    bss	    dec	    hex	filename
  30020	   1348	   3264	  34632	   8748	gpio.elf
'Finished building: gpio.elf.size'
' '
19:46:48 **** Auto Build of configuration Debug for project gpio ****
make all 
'Building file: ../src/testperiph.c'
'Invoking: MicroBlaze gcc compiler'
mb-gcc -Wall -O0 -g3 -c -fmessage-length=0 -MT"src/testperiph.o" -I../../gpio_bsp/microblaze_0/include -mlittle-endian -mcpu=v10.0 -mxl-soft-mul -Wl,--no-relax -MMD -MP -MF"src/testperiph.d" -MT"src/testperiph.o" -o "src/testperiph.o" "../src/testperiph.c"
../src/testperiph.c: In function 'main':
../src/testperiph.c:59:11: warning: unused variable 'DataRead' [-Wunused-variable]
       u32 DataRead;
           ^
'Finished building: ../src/testperiph.c'
' '
'Building target: gpio.elf'
'Invoking: MicroBlaze gcc linker'
mb-gcc -Wl,-T -Wl,../src/lscript.ld -L../../gpio_bsp/microblaze_0/lib -mlittle-endian -mcpu=v10.0 -mxl-soft-mul -Wl,--no-relax -o "gpio.elf"  ./src/testperiph.o ./src/xgpio_tapp_example.o   -Wl,--start-group,-lxil,-lgcc,-lc,--end-group
'Finished building target: gpio.elf'
' '
'Invoking: MicroBlaze Print Size'
mb-size gpio.elf  |tee "gpio.elf.size"
   text	   data	    bss	    dec	    hex	filename
  30020	   1348	   3264	  34632	   8748	gpio.elf
'Finished building: gpio.elf.size'
' '
19:46:50 **** Auto Build of configuration Debug for project gpio ****
make all 
'Building file: ../src/testperiph.c'
'Invoking: MicroBlaze gcc compiler'
mb-gcc -Wall -O0 -g3 -c -fmessage-length=0 -MT"src/testperiph.o" -I../../gpio_bsp/microblaze_0/include -mlittle-endian -mcpu=v10.0 -mxl-soft-mul -Wl,--no-relax -MMD -MP -MF"src/testperiph.d" -MT"src/testperiph.o" -o "src/testperiph.o" "../src/testperiph.c"
../src/testperiph.c: In function 'main':
../src/testperiph.c:59:11: warning: unused variable 'DataRead' [-Wunused-variable]
       u32 DataRead;
           ^
'Finished building: ../src/testperiph.c'
' '
'Building target: gpio.elf'
'Invoking: MicroBlaze gcc linker'
mb-gcc -Wl,-T -Wl,../src/lscript.ld -L../../gpio_bsp/microblaze_0/lib -mlittle-endian -mcpu=v10.0 -mxl-soft-mul -Wl,--no-relax -o "gpio.elf"  ./src/testperiph.o ./src/xgpio_tapp_example.o   -Wl,--start-group,-lxil,-lgcc,-lc,--end-group
'Finished building target: gpio.elf'
' '
'Invoking: MicroBlaze Print Size'
mb-size gpio.elf  |tee "gpio.elf.size"
   text	   data	    bss	    dec	    hex	filename
  30020	   1348	   3264	  34632	   8748	gpio.elf
'Finished building: gpio.elf.size'
' '
19:46:51 **** Incremental Build of configuration Debug for project gpio ****
make all 
make: .`all רובע תושעל המ ןיא
19:47:41 **** Auto Build of configuration Debug for project gpio ****
make all 
'Building file: ../src/testperiph.c'
'Invoking: MicroBlaze gcc compiler'
mb-gcc -Wall -O0 -g3 -c -fmessage-length=0 -MT"src/testperiph.o" -I../../gpio_bsp/microblaze_0/include -mlittle-endian -mcpu=v10.0 -mxl-soft-mul -Wl,--no-relax -MMD -MP -MF"src/testperiph.d" -MT"src/testperiph.o" -o "src/testperiph.o" "../src/testperiph.c"
../src/testperiph.c: In function 'main':
../src/testperiph.c:59:11: warning: unused variable 'DataRead' [-Wunused-variable]
       u32 DataRead;
           ^
'Finished building: ../src/testperiph.c'
' '
'Building target: gpio.elf'
'Invoking: MicroBlaze gcc linker'
mb-gcc -Wl,-T -Wl,../src/lscript.ld -L../../gpio_bsp/microblaze_0/lib -mlittle-endian -mcpu=v10.0 -mxl-soft-mul -Wl,--no-relax -o "gpio.elf"  ./src/testperiph.o ./src/xgpio_tapp_example.o   -Wl,--start-group,-lxil,-lgcc,-lc,--end-group
'Finished building target: gpio.elf'
' '
'Invoking: MicroBlaze Print Size'
mb-size gpio.elf  |tee "gpio.elf.size"
   text	   data	    bss	    dec	    hex	filename
  30020	   1348	   3264	  34632	   8748	gpio.elf
'Finished building: gpio.elf.size'
' '
19:47:54 **** Auto Build of configuration Debug for project gpio ****
make all 
'Building file: ../src/testperiph.c'
'Invoking: MicroBlaze gcc compiler'
mb-gcc -Wall -O0 -g3 -c -fmessage-length=0 -MT"src/testperiph.o" -I../../gpio_bsp/microblaze_0/include -mlittle-endian -mcpu=v10.0 -mxl-soft-mul -Wl,--no-relax -MMD -MP -MF"src/testperiph.d" -MT"src/testperiph.o" -o "src/testperiph.o" "../src/testperiph.c"
../src/testperiph.c: In function 'main':
../src/testperiph.c:65:35: error: expected expression before ',' token
      XGpio_DiscreteWrite(&GPIO_0, , 0x00);
                                   ^
../src/testperiph.c:59:11: warning: unused variable 'DataRead' [-Wunused-variable]
       u32 DataRead;
           ^
make: *** [src/testperiph.o] 1 הלקת
19:47:55 **** Auto Build of configuration Debug for project gpio ****
make all 
'Building file: ../src/testperiph.c'
'Invoking: MicroBlaze gcc compiler'
mb-gcc -Wall -O0 -g3 -c -fmessage-length=0 -MT"src/testperiph.o" -I../../gpio_bsp/microblaze_0/include -mlittle-endian -mcpu=v10.0 -mxl-soft-mul -Wl,--no-relax -MMD -MP -MF"src/testperiph.d" -MT"src/testperiph.o" -o "src/testperiph.o" "../src/testperiph.c"
../src/testperiph.c: In function 'main':
../src/testperiph.c:59:11: warning: unused variable 'DataRead' [-Wunused-variable]
       u32 DataRead;
           ^
'Finished building: ../src/testperiph.c'
' '
'Building target: gpio.elf'
'Invoking: MicroBlaze gcc linker'
mb-gcc -Wl,-T -Wl,../src/lscript.ld -L../../gpio_bsp/microblaze_0/lib -mlittle-endian -mcpu=v10.0 -mxl-soft-mul -Wl,--no-relax -o "gpio.elf"  ./src/testperiph.o ./src/xgpio_tapp_example.o   -Wl,--start-group,-lxil,-lgcc,-lc,--end-group
'Finished building target: gpio.elf'
' '
'Invoking: MicroBlaze Print Size'
mb-size gpio.elf  |tee "gpio.elf.size"
   text	   data	    bss	    dec	    hex	filename
  30020	   1348	   3264	  34632	   8748	gpio.elf
'Finished building: gpio.elf.size'
' '
19:47:58 **** Incremental Build of configuration Debug for project gpio ****
make all 
make: .`all רובע תושעל המ ןיא
19:48:13 **** Auto Build of configuration Debug for project gpio ****
make all 
'Building file: ../src/testperiph.c'
'Invoking: MicroBlaze gcc compiler'
mb-gcc -Wall -O0 -g3 -c -fmessage-length=0 -MT"src/testperiph.o" -I../../gpio_bsp/microblaze_0/include -mlittle-endian -mcpu=v10.0 -mxl-soft-mul -Wl,--no-relax -MMD -MP -MF"src/testperiph.d" -MT"src/testperiph.o" -o "src/testperiph.o" "../src/testperiph.c"
../src/testperiph.c: In function 'main':
../src/testperiph.c:59:11: warning: unused variable 'DataRead' [-Wunused-variable]
       u32 DataRead;
           ^
'Finished building: ../src/testperiph.c'
' '
'Building target: gpio.elf'
'Invoking: MicroBlaze gcc linker'
mb-gcc -Wl,-T -Wl,../src/lscript.ld -L../../gpio_bsp/microblaze_0/lib -mlittle-endian -mcpu=v10.0 -mxl-soft-mul -Wl,--no-relax -o "gpio.elf"  ./src/testperiph.o ./src/xgpio_tapp_example.o   -Wl,--start-group,-lxil,-lgcc,-lc,--end-group
'Finished building target: gpio.elf'
' '
'Invoking: MicroBlaze Print Size'
mb-size gpio.elf  |tee "gpio.elf.size"
   text	   data	    bss	    dec	    hex	filename
  30020	   1348	   3264	  34632	   8748	gpio.elf
'Finished building: gpio.elf.size'
' '
19:48:14 **** Incremental Build of configuration Debug for project gpio ****
make all 
make: .`all רובע תושעל המ ןיא
19:48:28 **** Auto Build of configuration Debug for project gpio ****
make all 
'Building file: ../src/testperiph.c'
'Invoking: MicroBlaze gcc compiler'
mb-gcc -Wall -O0 -g3 -c -fmessage-length=0 -MT"src/testperiph.o" -I../../gpio_bsp/microblaze_0/include -mlittle-endian -mcpu=v10.0 -mxl-soft-mul -Wl,--no-relax -MMD -MP -MF"src/testperiph.d" -MT"src/testperiph.o" -o "src/testperiph.o" "../src/testperiph.c"
../src/testperiph.c: In function 'main':
../src/testperiph.c:59:11: warning: unused variable 'DataRead' [-Wunused-variable]
       u32 DataRead;
           ^
'Finished building: ../src/testperiph.c'
' '
'Building target: gpio.elf'
'Invoking: MicroBlaze gcc linker'
mb-gcc -Wl,-T -Wl,../src/lscript.ld -L../../gpio_bsp/microblaze_0/lib -mlittle-endian -mcpu=v10.0 -mxl-soft-mul -Wl,--no-relax -o "gpio.elf"  ./src/testperiph.o ./src/xgpio_tapp_example.o   -Wl,--start-group,-lxil,-lgcc,-lc,--end-group
'Finished building target: gpio.elf'
' '
'Invoking: MicroBlaze Print Size'
mb-size gpio.elf  |tee "gpio.elf.size"
   text	   data	    bss	    dec	    hex	filename
  30020	   1348	   3264	  34632	   8748	gpio.elf
'Finished building: gpio.elf.size'
' '
19:48:29 **** Incremental Build of configuration Debug for project gpio ****
make all 
make: .`all רובע תושעל המ ןיא
14:39:00 **** Incremental Build of configuration Debug for project gpio ****
make all 
make: .`all רובע תושעל המ ןיא
14:39:51 **** Auto Build of configuration Debug for project gpio ****
make all 
'Building file: ../src/testperiph.c'
'Invoking: MicroBlaze gcc compiler'
mb-gcc -Wall -O0 -g3 -c -fmessage-length=0 -MT"src/testperiph.o" -I../../gpio_bsp/microblaze_0/include -mlittle-endian -mcpu=v10.0 -mxl-soft-mul -Wl,--no-relax -MMD -MP -MF"src/testperiph.d" -MT"src/testperiph.o" -o "src/testperiph.o" "../src/testperiph.c"
../src/testperiph.c: In function 'main':
../src/testperiph.c:62:35: error: incompatible type for argument 1 of 'XGpio_GetDataDirection'
       dir= XGpio_GetDataDirection(GPIO_0,2);
                                   ^
In file included from ../src/testperiph.c:33:0:
../../gpio_bsp/microblaze_0/include/xgpio.h:174:5: note: expected 'XGpio * {aka struct <anonymous> *}' but argument is of type 'XGpio {aka struct <anonymous>}'
 u32 XGpio_GetDataDirection(XGpio *InstancePtr, unsigned Channel);
     ^
../src/testperiph.c:73:13: warning: passing argument 1 of 'printf' makes pointer from integer without a cast [-Wint-conversion]
      printf(dir);
             ^
In file included from d:\sdk\2016.3\gnu\microblaze\nt\microblaze-xilinx-elf\include\stdio.h:29:0,
                 from ../src/testperiph.c:30:
d:\sdk\2016.3\gnu\microblaze\nt\microblaze-xilinx-elf\include\stdio.h:173:5: note: expected 'const char * restrict' but argument is of type 'u32 {aka long unsigned int}'
 int _EXFUN(printf, (const char *__restrict, ...)
     ^
../src/testperiph.c:59:11: warning: unused variable 'DataRead' [-Wunused-variable]
       u32 DataRead;
           ^
make: *** [src/testperiph.o] 1 הלקת
14:39:52 **** Incremental Build of configuration Debug for project gpio ****
make all 
'Building file: ../src/testperiph.c'
'Invoking: MicroBlaze gcc compiler'
mb-gcc -Wall -O0 -g3 -c -fmessage-length=0 -MT"src/testperiph.o" -I../../gpio_bsp/microblaze_0/include -mlittle-endian -mcpu=v10.0 -mxl-soft-mul -Wl,--no-relax -MMD -MP -MF"src/testperiph.d" -MT"src/testperiph.o" -o "src/testperiph.o" "../src/testperiph.c"
../src/testperiph.c: In function 'main':
../src/testperiph.c:62:35: error: incompatible type for argument 1 of 'XGpio_GetDataDirection'
       dir= XGpio_GetDataDirection(GPIO_0,2);
                                   ^
In file included from ../src/testperiph.c:33:0:
../../gpio_bsp/microblaze_0/include/xgpio.h:174:5: note: expected 'XGpio * {aka struct <anonymous> *}' but argument is of type 'XGpio {aka struct <anonymous>}'
 u32 XGpio_GetDataDirection(XGpio *InstancePtr, unsigned Channel);
     ^
../src/testperiph.c:73:13: warning: passing argument 1 of 'printf' makes pointer from integer without a cast [-Wint-conversion]
      printf(dir);
             ^
In file included from d:\sdk\2016.3\gnu\microblaze\nt\microblaze-xilinx-elf\include\stdio.h:29:0,
                 from ../src/testperiph.c:30:
d:\sdk\2016.3\gnu\microblaze\nt\microblaze-xilinx-elf\include\stdio.h:173:5: note: expected 'const char * restrict' but argument is of type 'u32 {aka long unsigned int}'
 int _EXFUN(printf, (const char *__restrict, ...)
     ^
../src/testperiph.c:59:11: warning: unused variable 'DataRead' [-Wunused-variable]
       u32 DataRead;
           ^
make: *** [src/testperiph.o] 1 הלקת
14:40:02 **** Incremental Build of configuration Debug for project gpio ****
make all 
'Building file: ../src/testperiph.c'
'Invoking: MicroBlaze gcc compiler'
mb-gcc -Wall -O0 -g3 -c -fmessage-length=0 -MT"src/testperiph.o" -I../../gpio_bsp/microblaze_0/include -mlittle-endian -mcpu=v10.0 -mxl-soft-mul -Wl,--no-relax -MMD -MP -MF"src/testperiph.d" -MT"src/testperiph.o" -o "src/testperiph.o" "../src/testperiph.c"
../src/testperiph.c: In function 'main':
../src/testperiph.c:62:35: error: incompatible type for argument 1 of 'XGpio_GetDataDirection'
       dir= XGpio_GetDataDirection(GPIO_0,2);
                                   ^
In file included from ../src/testperiph.c:33:0:
../../gpio_bsp/microblaze_0/include/xgpio.h:174:5: note: expected 'XGpio * {aka struct <anonymous> *}' but argument is of type 'XGpio {aka struct <anonymous>}'
 u32 XGpio_GetDataDirection(XGpio *InstancePtr, unsigned Channel);
     ^
../src/testperiph.c:73:13: warning: passing argument 1 of 'printf' makes pointer from integer without a cast [-Wint-conversion]
      printf(dir);
             ^
In file included from d:\sdk\2016.3\gnu\microblaze\nt\microblaze-xilinx-elf\include\stdio.h:29:0,
                 from ../src/testperiph.c:30:
[...]
"Compiling bram"
mb-ar: creating ../../../lib/libxil.a
"Running Make libs in microblaze_0/libsrc/cpu_v2_5/src"
make -C microblaze_0/libsrc/cpu_v2_5/src -s libs  "SHELL=CMD" "COMPILER=mb-gcc" "ARCHIVER=mb-ar" "COMPILER_FLAGS= -O2 -c -mcpu=v10.0 -mlittle-endian -mxl-soft-mul" "EXTRA_COMPILER_FLAGS=-g"
"Compiling cpu"
"Running Make libs in microblaze_0/libsrc/gpio_v4_2/src"
make -C microblaze_0/libsrc/gpio_v4_2/src -s libs  "SHELL=CMD" "COMPILER=mb-gcc" "ARCHIVER=mb-ar" "COMPILER_FLAGS= -O2 -c -mcpu=v10.0 -mlittle-endian -mxl-soft-mul" "EXTRA_COMPILER_FLAGS=-g"
"Compiling gpio"
"Running Make libs in microblaze_0/libsrc/spi_v4_2/src"
make -C microblaze_0/libsrc/spi_v4_2/src -s libs  "SHELL=CMD" "COMPILER=mb-gcc" "ARCHIVER=mb-ar" "COMPILER_FLAGS= -O2 -c -mcpu=v10.0 -mlittle-endian -mxl-soft-mul" "EXTRA_COMPILER_FLAGS=-g"
"Compiling spi"
"Running Make libs in microblaze_0/libsrc/standalone_v6_0/src"
make -C microblaze_0/libsrc/standalone_v6_0/src -s libs  "SHELL=CMD" "COMPILER=mb-gcc" "ARCHIVER=mb-ar" "COMPILER_FLAGS= -O2 -c -mcpu=v10.0 -mlittle-endian -mxl-soft-mul" "EXTRA_COMPILER_FLAGS=-g"
"Compiling standalone";
"Running Make libs in microblaze_0/libsrc/uartlite_v3_2/src"
make -C microblaze_0/libsrc/uartlite_v3_2/src -s libs  "SHELL=CMD" "COMPILER=mb-gcc" "ARCHIVER=mb-ar" "COMPILER_FLAGS= -O2 -c -mcpu=v10.0 -mlittle-endian -mxl-soft-mul" "EXTRA_COMPILER_FLAGS=-g"
"Compiling uartlite"
'Finished building libraries'
21:01:47 **** Build of configuration Debug for project gpio_new ****
make all 
'Building file: ../src/testperiph.c'
'Invoking: MicroBlaze gcc compiler'
mb-gcc -Wall -O0 -g3 -c -fmessage-length=0 -MT"src/testperiph.o" -I../../gpio_new_bsp/microblaze_0/include -mlittle-endian -mcpu=v10.0 -mxl-soft-mul -Wl,--no-relax -MMD -MP -MF"src/testperiph.d" -MT"src/testperiph.o" -o "src/testperiph.o" "../src/testperiph.c"
'Finished building: ../src/testperiph.c'
' '
'Building file: ../src/xgpio_tapp_example.c'
'Invoking: MicroBlaze gcc compiler'
mb-gcc -Wall -O0 -g3 -c -fmessage-length=0 -MT"src/xgpio_tapp_example.o" -I../../gpio_new_bsp/microblaze_0/include -mlittle-endian -mcpu=v10.0 -mxl-soft-mul -Wl,--no-relax -MMD -MP -MF"src/xgpio_tapp_example.d" -MT"src/xgpio_tapp_example.o" -o "src/xgpio_tapp_example.o" "../src/xgpio_tapp_example.c"
'Finished building: ../src/xgpio_tapp_example.c'
' '
'Building file: ../src/xspi_selftest_example.c'
'Invoking: MicroBlaze gcc compiler'
mb-gcc -Wall -O0 -g3 -c -fmessage-length=0 -MT"src/xspi_selftest_example.o" -I../../gpio_new_bsp/microblaze_0/include -mlittle-endian -mcpu=v10.0 -mxl-soft-mul -Wl,--no-relax -MMD -MP -MF"src/xspi_selftest_example.d" -MT"src/xspi_selftest_example.o" -o "src/xspi_selftest_example.o" "../src/xspi_selftest_example.c"
'Finished building: ../src/xspi_selftest_example.c'
' '
'Building target: gpio_new.elf'
'Invoking: MicroBlaze gcc linker'
mb-gcc -Wl,-T -Wl,../src/lscript.ld -L../../gpio_new_bsp/microblaze_0/lib -mlittle-endian -mcpu=v10.0 -mxl-soft-mul -Wl,--no-relax -o "gpio_new.elf"  ./src/testperiph.o ./src/xgpio_tapp_example.o ./src/xspi_selftest_example.o   -Wl,--start-group,-lxil,-lgcc,-lc,--end-group
'Finished building target: gpio_new.elf'
' '
'Invoking: MicroBlaze Print Size'
mb-size gpio_new.elf  |tee "gpio_new.elf.size"
   text	   data	    bss	    dec	    hex	filename
  10588	    396	   3280	  14264	   37b8	gpio_new.elf
'Finished building: gpio_new.elf.size'
' '
21:01:47 **** Build of project spi_both_bsp ****
make -k all 
"Running Make include in microblaze_0/libsrc/bram_v4_1/src"
make -C microblaze_0/libsrc/bram_v4_1/src -s include  "SHELL=CMD" "COMPILER=mb-gcc" "ARCHIVER=mb-ar" "COMPILER_FLAGS= -O2 -c -mcpu=v10.0 -mlittle-endian -mxl-soft-mul" "EXTRA_COMPILER_FLAGS=-g"
"Running Make include in microblaze_0/libsrc/cpu_v2_5/src"
make -C microblaze_0/libsrc/cpu_v2_5/src -s include  "SHELL=CMD" "COMPILER=mb-gcc" "ARCHIVER=mb-ar" "COMPILER_FLAGS= -O2 -c -mcpu=v10.0 -mlittle-endian -mxl-soft-mul" "EXTRA_COMPILER_FLAGS=-g"
"Running Make include in microblaze_0/libsrc/gpio_v4_2/src"
make -C microblaze_0/libsrc/gpio_v4_2/src -s include  "SHELL=CMD" "COMPILER=mb-gcc" "ARCHIVER=mb-ar" "COMPILER_FLAGS= -O2 -c -mcpu=v10.0 -mlittle-endian -mxl-soft-mul" "EXTRA_COMPILER_FLAGS=-g"
"Running Make include in microblaze_0/libsrc/spi_v4_2/src"
make -C microblaze_0/libsrc/spi_v4_2/src -s include  "SHELL=CMD" "COMPILER=mb-gcc" "ARCHIVER=mb-ar" "COMPILER_FLAGS= -O2 -c -mcpu=v10.0 -mlittle-endian -mxl-soft-mul" "EXTRA_COMPILER_FLAGS=-g"
"Running Make include in microblaze_0/libsrc/standalone_v6_0/src"
make -C microblaze_0/libsrc/standalone_v6_0/src -s include  "SHELL=CMD" "COMPILER=mb-gcc" "ARCHIVER=mb-ar" "COMPILER_FLAGS= -O2 -c -mcpu=v10.0 -mlittle-endian -mxl-soft-mul" "EXTRA_COMPILER_FLAGS=-g"
"Running Make include in microblaze_0/libsrc/uartlite_v3_2/src"
make -C microblaze_0/libsrc/uartlite_v3_2/src -s include  "SHELL=CMD" "COMPILER=mb-gcc" "ARCHIVER=mb-ar" "COMPILER_FLAGS= -O2 -c -mcpu=v10.0 -mlittle-endian -mxl-soft-mul" "EXTRA_COMPILER_FLAGS=-g"
"Running Make libs in microblaze_0/libsrc/bram_v4_1/src"
make -C microblaze_0/libsrc/bram_v4_1/src -s libs  "SHELL=CMD" "COMPILER=mb-gcc" "ARCHIVER=mb-ar" "COMPILER_FLAGS= -O2 -c -mcpu=v10.0 -mlittle-endian -mxl-soft-mul" "EXTRA_COMPILER_FLAGS=-g"
"Compiling bram"
mb-ar: creating ../../../lib/libxil.a
"Running Make libs in microblaze_0/libsrc/cpu_v2_5/src"
make -C microblaze_0/libsrc/cpu_v2_5/src -s libs  "SHELL=CMD" "COMPILER=mb-gcc" "ARCHIVER=mb-ar" "COMPILER_FLAGS= -O2 -c -mcpu=v10.0 -mlittle-endian -mxl-soft-mul" "EXTRA_COMPILER_FLAGS=-g"
"Compiling cpu"
"Running Make libs in microblaze_0/libsrc/gpio_v4_2/src"
make -C microblaze_0/libsrc/gpio_v4_2/src -s libs  "SHELL=CMD" "COMPILER=mb-gcc" "ARCHIVER=mb-ar" "COMPILER_FLAGS= -O2 -c -mcpu=v10.0 -mlittle-endian -mxl-soft-mul" "EXTRA_COMPILER_FLAGS=-g"
"Compiling gpio"
"Running Make libs in microblaze_0/libsrc/spi_v4_2/src"
make -C microblaze_0/libsrc/spi_v4_2/src -s libs  "SHELL=CMD" "COMPILER=mb-gcc" "ARCHIVER=mb-ar" "COMPILER_FLAGS= -O2 -c -mcpu=v10.0 -mlittle-endian -mxl-soft-mul" "EXTRA_COMPILER_FLAGS=-g"
"Compiling spi"
"Running Make libs in microblaze_0/libsrc/standalone_v6_0/src"
make -C microblaze_0/libsrc/standalone_v6_0/src -s libs  "SHELL=CMD" "COMPILER=mb-gcc" "ARCHIVER=mb-ar" "COMPILER_FLAGS= -O2 -c -mcpu=v10.0 -mlittle-endian -mxl-soft-mul" "EXTRA_COMPILER_FLAGS=-g"
"Compiling standalone";
"Running Make libs in microblaze_0/libsrc/uartlite_v3_2/src"
make -C microblaze_0/libsrc/uartlite_v3_2/src -s libs  "SHELL=CMD" "COMPILER=mb-gcc" "ARCHIVER=mb-ar" "COMPILER_FLAGS= -O2 -c -mcpu=v10.0 -mlittle-endian -mxl-soft-mul" "EXTRA_COMPILER_FLAGS=-g"
"Compiling uartlite"
'Finished building libraries'
21:01:50 **** Build of configuration Debug for project spi_both ****
make all 
'Building file: ../src/main.c'
'Invoking: MicroBlaze gcc compiler'
mb-gcc -Wall -O0 -g3 -c -fmessage-length=0 -MT"src/main.o" -I../../spi_both_bsp/microblaze_0/include -mlittle-endian -mcpu=v10.0 -mxl-soft-mul -Wl,--no-relax -MMD -MP -MF"src/main.d" -MT"src/main.o" -o "src/main.o" "../src/main.c"
'Finished building: ../src/main.c'
' '
'Building file: ../src/xgpio_tapp_example.c'
'Invoking: MicroBlaze gcc compiler'
mb-gcc -Wall -O0 -g3 -c -fmessage-length=0 -MT"src/xgpio_tapp_example.o" -I../../spi_both_bsp/microblaze_0/include -mlittle-endian -mcpu=v10.0 -mxl-soft-mul -Wl,--no-relax -MMD -MP -MF"src/xgpio_tapp_example.d" -MT"src/xgpio_tapp_example.o" -o "src/xgpio_tapp_example.o" "../src/xgpio_tapp_example.c"
'Finished building: ../src/xgpio_tapp_example.c'
' '
'Building file: ../src/xspi_selftest_example.c'
'Invoking: MicroBlaze gcc compiler'
mb-gcc -Wall -O0 -g3 -c -fmessage-length=0 -MT"src/xspi_selftest_example.o" -I../../spi_both_bsp/microblaze_0/include -mlittle-endian -mcpu=v10.0 -mxl-soft-mul -Wl,--no-relax -MMD -MP -MF"src/xspi_selftest_example.d" -MT"src/xspi_selftest_example.o" -o "src/xspi_selftest_example.o" "../src/xspi_selftest_example.c"
'Finished building: ../src/xspi_selftest_example.c'
' '
'Building target: spi_both.elf'
'Invoking: MicroBlaze gcc linker'
mb-gcc -Wl,-T -Wl,../src/lscript.ld -L../../spi_both_bsp/microblaze_0/lib -mlittle-endian -mcpu=v10.0 -mxl-soft-mul -Wl,--no-relax -o "spi_both.elf"  ./src/main.o ./src/xgpio_tapp_example.o ./src/xspi_selftest_example.o   -Wl,--start-group,-lxil,-lgcc,-lc,--end-group
'Finished building target: spi_both.elf'
' '
'Invoking: MicroBlaze Print Size'
mb-size spi_both.elf  |tee "spi_both.elf.size"
   text	   data	    bss	    dec	    hex	filename
 105260	   1704	   3564	 110528	  1afc0	spi_both.elf
'Finished building: spi_both.elf.size'
' '
21:01:51 **** Build of project spi_slave_bsp ****
make -k all 
"Running Make include in microblaze_0/libsrc/bram_v4_1/src"
make -C microblaze_0/libsrc/bram_v4_1/src -s include  "SHELL=CMD" "COMPILER=mb-gcc" "ARCHIVER=mb-ar" "COMPILER_FLAGS= -O2 -c -mcpu=v10.0 -mlittle-endian -mxl-soft-mul" "EXTRA_COMPILER_FLAGS=-g"
"Running Make include in microblaze_0/libsrc/cpu_v2_5/src"
make -C microblaze_0/libsrc/cpu_v2_5/src -s include  "SHELL=CMD" "COMPILER=mb-gcc" "ARCHIVER=mb-ar" "COMPILER_FLAGS= -O2 -c -mcpu=v10.0 -mlittle-endian -mxl-soft-mul" "EXTRA_COMPILER_FLAGS=-g"
"Running Make include in microblaze_0/libsrc/gpio_v4_2/src"
make -C microblaze_0/libsrc/gpio_v4_2/src -s include  "SHELL=CMD" "COMPILER=mb-gcc" "ARCHIVER=mb-ar" "COMPILER_FLAGS= -O2 -c -mcpu=v10.0 -mlittle-endian -mxl-soft-mul" "EXTRA_COMPILER_FLAGS=-g"
"Running Make include in microblaze_0/libsrc/spi_v4_2/src"
make -C microblaze_0/libsrc/spi_v4_2/src -s include  "SHELL=CMD" "COMPILER=mb-gcc" "ARCHIVER=mb-ar" "COMPILER_FLAGS= -O2 -c -mcpu=v10.0 -mlittle-endian -mxl-soft-mul" "EXTRA_COMPILER_FLAGS=-g"
"Running Make include in microblaze_0/libsrc/standalone_v6_0/src"
make -C microblaze_0/libsrc/standalone_v6_0/src -s include  "SHELL=CMD" "COMPILER=mb-gcc" "ARCHIVER=mb-ar" "COMPILER_FLAGS= -O2 -c -mcpu=v10.0 -mlittle-endian -mxl-soft-mul" "EXTRA_COMPILER_FLAGS=-g"
"Running Make include in microblaze_0/libsrc/uartlite_v3_2/src"
make -C microblaze_0/libsrc/uartlite_v3_2/src -s include  "SHELL=CMD" "COMPILER=mb-gcc" "ARCHIVER=mb-ar" "COMPILER_FLAGS= -O2 -c -mcpu=v10.0 -mlittle-endian -mxl-soft-mul" "EXTRA_COMPILER_FLAGS=-g"
"Running Make libs in microblaze_0/libsrc/bram_v4_1/src"
make -C microblaze_0/libsrc/bram_v4_1/src -s libs  "SHELL=CMD" "COMPILER=mb-gcc" "ARCHIVER=mb-ar" "COMPILER_FLAGS= -O2 -c -mcpu=v10.0 -mlittle-endian -mxl-soft-mul" "EXTRA_COMPILER_FLAGS=-g"
"Compiling bram"
mb-ar: creating ../../../lib/libxil.a
"Running Make libs in microblaze_0/libsrc/cpu_v2_5/src"
make -C microblaze_0/libsrc/cpu_v2_5/src -s libs  "SHELL=CMD" "COMPILER=mb-gcc" "ARCHIVER=mb-ar" "COMPILER_FLAGS= -O2 -c -mcpu=v10.0 -mlittle-endian -mxl-soft-mul" "EXTRA_COMPILER_FLAGS=-g"
"Compiling cpu"
"Running Make libs in microblaze_0/libsrc/gpio_v4_2/src"
make -C microblaze_0/libsrc/gpio_v4_2/src -s libs  "SHELL=CMD" "COMPILER=mb-gcc" "ARCHIVER=mb-ar" "COMPILER_FLAGS= -O2 -c -mcpu=v10.0 -mlittle-endian -mxl-soft-mul" "EXTRA_COMPILER_FLAGS=-g"
"Compiling gpio"
"Running Make libs in microblaze_0/libsrc/spi_v4_2/src"
make -C microblaze_0/libsrc/spi_v4_2/src -s libs  "SHELL=CMD" "COMPILER=mb-gcc" "ARCHIVER=mb-ar" "COMPILER_FLAGS= -O2 -c -mcpu=v10.0 -mlittle-endian -mxl-soft-mul" "EXTRA_COMPILER_FLAGS=-g"
"Compiling spi"
"Running Make libs in microblaze_0/libsrc/standalone_v6_0/src"
make -C microblaze_0/libsrc/standalone_v6_0/src -s libs  "SHELL=CMD" "COMPILER=mb-gcc" "ARCHIVER=mb-ar" "COMPILER_FLAGS= -O2 -c -mcpu=v10.0 -mlittle-endian -mxl-soft-mul" "EXTRA_COMPILER_FLAGS=-g"
"Compiling standalone";
"Running Make libs in microblaze_0/libsrc/uartlite_v3_2/src"
make -C microblaze_0/libsrc/uartlite_v3_2/src -s libs  "SHELL=CMD" "COMPILER=mb-gcc" "ARCHIVER=mb-ar" "COMPILER_FLAGS= -O2 -c -mcpu=v10.0 -mlittle-endian -mxl-soft-mul" "EXTRA_COMPILER_FLAGS=-g"
"Compiling uartlite"
'Finished building libraries'
21:01:53 **** Build of configuration Debug for project spi_slave ****
make all 
'Building file: ../src/main.c'
'Invoking: MicroBlaze gcc compiler'
mb-gcc -Wall -O0 -g3 -c -fmessage-length=0 -MT"src/main.o" -I../../spi_slave_bsp/microblaze_0/include -mlittle-endian -mcpu=v10.0 -mxl-soft-mul -Wl,--no-relax -MMD -MP -MF"src/main.d" -MT"src/main.o" -o "src/main.o" "../src/main.c"
'Finished building: ../src/main.c'
' '
'Building file: ../src/xgpio_tapp_example.c'
'Invoking: MicroBlaze gcc compiler'
mb-gcc -Wall -O0 -g3 -c -fmessage-length=0 -MT"src/xgpio_tapp_example.o" -I../../spi_slave_bsp/microblaze_0/include -mlittle-endian -mcpu=v10.0 -mxl-soft-mul -Wl,--no-relax -MMD -MP -MF"src/xgpio_tapp_example.d" -MT"src/xgpio_tapp_example.o" -o "src/xgpio_tapp_example.o" "../src/xgpio_tapp_example.c"
'Finished building: ../src/xgpio_tapp_example.c'
' '
'Building file: ../src/xspi_selftest_example.c'
'Invoking: MicroBlaze gcc compiler'
mb-gcc -Wall -O0 -g3 -c -fmessage-length=0 -MT"src/xspi_selftest_example.o" -I../../spi_slave_bsp/microblaze_0/include -mlittle-endian -mcpu=v10.0 -mxl-soft-mul -Wl,--no-relax -MMD -MP -MF"src/xspi_selftest_example.d" -MT"src/xspi_selftest_example.o" -o "src/xspi_selftest_example.o" "../src/xspi_selftest_example.c"
'Finished building: ../src/xspi_selftest_example.c'
' '
'Building target: spi_slave.elf'
'Invoking: MicroBlaze gcc linker'
mb-gcc -Wl,-T -Wl,../src/lscript.ld -L../../spi_slave_bsp/microblaze_0/lib -mlittle-endian -mcpu=v10.0 -mxl-soft-mul -Wl,--no-relax -o "spi_slave.elf"  ./src/main.o ./src/xgpio_tapp_example.o ./src/xspi_selftest_example.o   -Wl,--start-group,-lxil,-lgcc,-lc,--end-group
'Finished building target: spi_slave.elf'
' '
'Invoking: MicroBlaze Print Size'
mb-size spi_slave.elf  |tee "spi_slave.elf.size"
   text	   data	    bss	    dec	    hex	filename
  12056	    396	   3380	  15832	   3dd8	spi_slave.elf
'Finished building: spi_slave.elf.size'
' '
21:01:54 **** Build of configuration Debug for project spi_slave_bsp_xspi_low_level_example_1 ****
make all 
'Building file: ../src/xspi_low_level_example.c'
'Invoking: MicroBlaze gcc compiler'
mb-gcc -Wall -O0 -g3 -c -fmessage-length=0 -MT"src/xspi_low_level_example.o" -I../../spi_slave_bsp/microblaze_0/include -mlittle-endian -mcpu=v10.0 -mxl-soft-mul -Wl,--no-relax -MMD -MP -MF"src/xspi_low_level_example.d" -MT"src/xspi_low_level_example.o" -o "src/xspi_low_level_example.o" "../src/xspi_low_level_example.c"
'Finished building: ../src/xspi_low_level_example.c'
' '
'Building target: spi_slave_bsp_xspi_low_level_example_1.elf'
'Invoking: MicroBlaze gcc linker'
mb-gcc -Wl,-T -Wl,../src/lscript.ld -L../../spi_slave_bsp/microblaze_0/lib -mlittle-endian -mcpu=v10.0 -mxl-soft-mul -Wl,--no-relax -o "spi_slave_bsp_xspi_low_level_example_1.elf"  ./src/xspi_low_level_example.o   -Wl,--start-group,-lxil,-lgcc,-lc,--end-group
'Finished building target: spi_slave_bsp_xspi_low_level_example_1.elf'
' '
'Invoking: MicroBlaze Print Size'
mb-size spi_slave_bsp_xspi_low_level_example_1.elf  |tee "spi_slave_bsp_xspi_low_level_example_1.elf.size"
   text	   data	    bss	    dec	    hex	filename
   2780	    292	   3192	   6264	   1878	spi_slave_bsp_xspi_low_level_example_1.elf
'Finished building: spi_slave_bsp_xspi_low_level_example_1.elf.size'
' '
21:01:54 **** Build of configuration Debug for project spi_slave_bsp_xspi_slave_polled_example_1 ****
make all 
'Building file: ../src/xspi_slave_polled_example.c'
'Invoking: MicroBlaze gcc compiler'
mb-gcc -Wall -O0 -g3 -c -fmessage-length=0 -MT"src/xspi_slave_polled_example.o" -I../../spi_slave_bsp/microblaze_0/include -mlittle-endian -mcpu=v10.0 -mxl-soft-mul -Wl,--no-relax -MMD -MP -MF"src/xspi_slave_polled_example.d" -MT"src/xspi_slave_polled_example.o" -o "src/xspi_slave_polled_example.o" "../src/xspi_slave_polled_example.c"
'Finished building: ../src/xspi_slave_polled_example.c'
' '
'Building target: spi_slave_bsp_xspi_slave_polled_example_1.elf'
'Invoking: MicroBlaze gcc linker'
mb-gcc -Wl,-T -Wl,../src/lscript.ld -L../../spi_slave_bsp/microblaze_0/lib -mlittle-endian -mcpu=v10.0 -mxl-soft-mul -Wl,--no-relax -o "spi_slave_bsp_xspi_slave_polled_example_1.elf"  ./src/xspi_slave_polled_example.o   -Wl,--start-group,-lxil,-lgcc,-lc,--end-group
'Finished building target: spi_slave_bsp_xspi_slave_polled_example_1.elf'
' '
'Invoking: MicroBlaze Print Size'
mb-size spi_slave_bsp_xspi_slave_polled_example_1.elf  |tee "spi_slave_bsp_xspi_slave_polled_example_1.elf.size"
   text	   data	    bss	    dec	    hex	filename
  10976	    352	   3248	  14576	   38f0	spi_slave_bsp_xspi_slave_polled_example_1.elf
'Finished building: spi_slave_bsp_xspi_slave_polled_example_1.elf.size'
' '
21:01:57 **** Incremental Build of configuration Debug for project spi_both ****
make all 
make: .`all רובע תושעל המ ןיא
21:02:05 **** Auto Build of configuration Debug for project spi_both ****
make all 
'Building file: ../src/main.c'
'Invoking: MicroBlaze gcc compiler'
mb-gcc -Wall -O0 -g3 -c -fmessage-length=0 -MT"src/main.o" -I../../spi_both_bsp/microblaze_0/include -mlittle-endian -mcpu=v10.0 -mxl-soft-mul -Wl,--no-relax -MMD -MP -MF"src/main.d" -MT"src/main.o" -o "src/main.o" "../src/main.c"
'Finished building: ../src/main.c'
' '
'Building target: spi_both.elf'
'Invoking: MicroBlaze gcc linker'
mb-gcc -Wl,-T -Wl,../src/lscript.ld -L../../spi_both_bsp/microblaze_0/lib -mlittle-endian -mcpu=v10.0 -mxl-soft-mul -Wl,--no-relax -o "spi_both.elf"  ./src/main.o ./src/xgpio_tapp_example.o ./src/xspi_selftest_example.o   -Wl,--start-group,-lxil,-lgcc,-lc,--end-group
'Finished building target: spi_both.elf'
' '
'Invoking: MicroBlaze Print Size'
mb-size spi_both.elf  |tee "spi_both.elf.size"
   text	   data	    bss	    dec	    hex	filename
 105232	   1704	   3560	 110496	  1afa0	spi_both.elf
'Finished building: spi_both.elf.size'
' '
21:02:18 **** Auto Build of configuration Debug for project spi_both ****
make all 
'Building file: ../src/main.c'
'Invoking: MicroBlaze gcc compiler'
mb-gcc -Wall -O0 -g3 -c -fmessage-length=0 -MT"src/main.o" -I../../spi_both_bsp/microblaze_0/include -mlittle-endian -mcpu=v10.0 -mxl-soft-mul -Wl,--no-relax -MMD -MP -MF"src/main.d" -MT"src/main.o" -o "src/main.o" "../src/main.c"
'Finished building: ../src/main.c'
' '
'Building target: spi_both.elf'
'Invoking: MicroBlaze gcc linker'
mb-gcc -Wl,-T -Wl,../src/lscript.ld -L../../spi_both_bsp/microblaze_0/lib -mlittle-endian -mcpu=v10.0 -mxl-soft-mul -Wl,--no-relax -o "spi_both.elf"  ./src/main.o ./src/xgpio_tapp_example.o ./src/xspi_selftest_example.o   -Wl,--start-group,-lxil,-lgcc,-lc,--end-group
'Finished building target: spi_both.elf'
' '
'Invoking: MicroBlaze Print Size'
mb-size spi_both.elf  |tee "spi_both.elf.size"
   text	   data	    bss	    dec	    hex	filename
 105232	   1704	   3560	 110496	  1afa0	spi_both.elf
'Finished building: spi_both.elf.size'
' '
21:02:19 **** Incremental Build of configuration Debug for project spi_both ****
make all 
make: .`all רובע תושעל המ ןיא
21:02:43 **** Auto Build of configuration Debug for project spi_slave ****
make all 
'Building file: ../src/main.c'
'Invoking: MicroBlaze gcc compiler'
mb-gcc -Wall -O0 -g3 -c -fmessage-length=0 -MT"src/main.o" -I../../spi_slave_bsp/microblaze_0/include -mlittle-endian -mcpu=v10.0 -mxl-soft-mul -Wl,--no-relax -MMD -MP -MF"src/main.d" -MT"src/main.o" -o "src/main.o" "../src/main.c"
'Finished building: ../src/main.c'
' '
'Building target: spi_slave.elf'
'Invoking: MicroBlaze gcc linker'
mb-gcc -Wl,-T -Wl,../src/lscript.ld -L../../spi_slave_bsp/microblaze_0/lib -mlittle-endian -mcpu=v10.0 -mxl-soft-mul -Wl,--no-relax -o "spi_slave.elf"  ./src/main.o ./src/xgpio_tapp_example.o ./src/xspi_selftest_example.o   -Wl,--start-group,-lxil,-lgcc,-lc,--end-group
'Finished building target: spi_slave.elf'
' '
'Invoking: MicroBlaze Print Size'
mb-size spi_slave.elf  |tee "spi_slave.elf.size"
   text	   data	    bss	    dec	    hex	filename
  12056	    396	   3380	  15832	   3dd8	spi_slave.elf
'Finished building: spi_slave.elf.size'
' '
